[33mCMake Warning:
  Manually-specified variables were not used by the project:

    DISTRO_ROS

[0m
In file included from [01m[K/usr/include/OpenEXR/ImathVec.h:47[m[K,
                 from [01m[K/usr/include/OpenEXR/ImathBox.h:65[m[K,
                 from [01m[K/usr/include/OpenEXR/ImfFrameBuffer.h:51[m[K,
                 from [01m[K/home/cat/TurboSLAM/3rdparty/Pangolin-0.9.5/components/pango_image/src/image_io_exr.cpp:9[m[K:
[01m[K/usr/include/OpenEXR/ImathLimits.h:[m[K In static member function ‘[01m[Kstatic bool Imath_2_5::limits<char>::isSigned()[m[K’:
[01m[K/usr/include/OpenEXR/ImathLimits.h:141:67:[m[K [01;35m[Kwarning: [m[Kcomparison is always false due to limited range of data type [[01;35m[K-Wtype-limits[m[K]
  141 |     static bool                 isSigned()      {return [01;35m[K(char) ~0 < 0[m[K;}
      |                                                         [01;35m[K~~~~~~~~~~^~~[m[K
At global scope:
[01m[Kcc1plus:[m[K [01;36m[Knote: [m[Kunrecognized command-line option ‘[01m[K-Wno-deprecated-register[m[K’ may have been intended to silence earlier diagnostics
[01m[Kcc1plus:[m[K [01;36m[Knote: [m[Kunrecognized command-line option ‘[01m[K-Wno-null-pointer-subtraction[m[K’ may have been intended to silence earlier diagnostics
[01m[Kcc1plus:[m[K [01;36m[Knote: [m[Kunrecognized command-line option ‘[01m[K-Wno-null-pointer-arithmetic[m[K’ may have been intended to silence earlier diagnostics
In file included from [01m[K/home/cat/TurboSLAM/3rdparty/Pangolin-0.9.5/components/pango_display/include/pangolin/handler/handler_image.h:30[m[K,
                 from [01m[K/home/cat/TurboSLAM/3rdparty/Pangolin-0.9.5/components/pango_display/include/pangolin/display/image_view.h:7[m[K,
                 from [01m[K/home/cat/TurboSLAM/3rdparty/Pangolin-0.9.5/components/pango_display/src/image_view.cpp:1[m[K:
[01m[K/home/cat/TurboSLAM/3rdparty/Pangolin-0.9.5/components/pango_image/include/pangolin/image/image_utils.h:[m[K In function ‘[01m[Kstd::pair<float, float> pangolin::GetMinMax(const pangolin::Image<unsigned char>&, pangolin::XYRangei, const pangolin::GlPixFormat&)[m[K’:
[01m[K/home/cat/TurboSLAM/3rdparty/Pangolin-0.9.5/components/pango_image/include/pangolin/image/image_utils.h:119:1:[m[K [01;36m[Knote: [m[Kparameter passing for argument of type ‘[01m[Kstd::pair<float, float>[m[K’ when C++17 is enabled changed to match C++14 in GCC 10.1
  119 | [01;36m[K)[m[K {
      | [01;36m[K^[m[K
In file included from [01m[K/home/cat/TurboSLAM/3rdparty/Pangolin-0.9.5/components/pango_display/include/pangolin/handler/handler_image.h:30[m[K,
                 from [01m[K/home/cat/TurboSLAM/3rdparty/Pangolin-0.9.5/components/pango_display/src/handler_image.cpp:1[m[K:
[01m[K/home/cat/TurboSLAM/3rdparty/Pangolin-0.9.5/components/pango_image/include/pangolin/image/image_utils.h:[m[K In function ‘[01m[Kstd::pair<float, float> pangolin::GetMinMax(const pangolin::Image<unsigned char>&, pangolin::XYRangei, const pangolin::GlPixFormat&)[m[K’:
[01m[K/home/cat/TurboSLAM/3rdparty/Pangolin-0.9.5/components/pango_image/include/pangolin/image/image_utils.h:119:1:[m[K [01;36m[Knote: [m[Kparameter passing for argument of type ‘[01m[Kstd::pair<float, float>[m[K’ when C++17 is enabled changed to match C++14 in GCC 10.1
  119 | [01;36m[K)[m[K {
      | [01;36m[K^[m[K
In file included from [01m[K/home/cat/TurboSLAM/3rdparty/Pangolin-0.9.5/components/pango_display/include/pangolin/handler/handler_image.h:30[m[K,
                 from [01m[K/home/cat/TurboSLAM/3rdparty/Pangolin-0.9.5/components/pango_display/include/pangolin/display/image_view.h:7[m[K,
                 from [01m[K/home/cat/TurboSLAM/3rdparty/Pangolin-0.9.5/components/pango_tools/src/video_viewer.cpp:6[m[K:
[01m[K/home/cat/TurboSLAM/3rdparty/Pangolin-0.9.5/components/pango_image/include/pangolin/image/image_utils.h:[m[K In function ‘[01m[Kstd::pair<float, float> pangolin::GetMinMax(const pangolin::Image<unsigned char>&, pangolin::XYRangei, const pangolin::GlPixFormat&)[m[K’:
[01m[K/home/cat/TurboSLAM/3rdparty/Pangolin-0.9.5/components/pango_image/include/pangolin/image/image_utils.h:119:1:[m[K [01;36m[Knote: [m[Kparameter passing for argument of type ‘[01m[Kstd::pair<float, float>[m[K’ when C++17 is enabled changed to match C++14 in GCC 10.1
  119 | [01;36m[K)[m[K {
      | [01;36m[K^[m[K
In file included from [01m[K/home/cat/TurboSLAM/3rdparty/Pangolin-0.9.5/components/pango_display/include/pangolin/handler/handler_image.h:30[m[K,
                 from [01m[K/home/cat/TurboSLAM/3rdparty/Pangolin-0.9.5/components/pango_display/include/pangolin/display/image_view.h:7[m[K,
                 from [01m[K/home/cat/TurboSLAM/3rdparty/Pangolin-0.9.5/components/pango_python/src/pypangolin/image_view.cpp:29[m[K:
[01m[K/home/cat/TurboSLAM/3rdparty/Pangolin-0.9.5/components/pango_image/include/pangolin/image/image_utils.h:[m[K In function ‘[01m[Kstd::pair<float, float> pangolin::GetMinMax(const pangolin::Image<unsigned char>&, pangolin::XYRangei, const pangolin::GlPixFormat&)[m[K’:
[01m[K/home/cat/TurboSLAM/3rdparty/Pangolin-0.9.5/components/pango_image/include/pangolin/image/image_utils.h:119:1:[m[K [01;36m[Knote: [m[Kparameter passing for argument of type ‘[01m[Kstd::pair<float, float>[m[K’ when C++17 is enabled changed to match C++14 in GCC 10.1
  119 | [01;36m[K)[m[K {
      | [01;36m[K^[m[K
In file included from [01m[K/home/cat/TurboSLAM/3rdparty/Pangolin-0.9.5/components/pango_display/include/pangolin/handler/handler_image.h:30[m[K,
                 from [01m[K/home/cat/TurboSLAM/3rdparty/Pangolin-0.9.5/components/pango_display/include/pangolin/display/image_view.h:7[m[K,
                 from [01m[K/home/cat/TurboSLAM/3rdparty/Pangolin-0.9.5/components/pango_python/src/pypangolin/image_view.cpp:29[m[K:
[01m[K/home/cat/TurboSLAM/3rdparty/Pangolin-0.9.5/components/pango_image/include/pangolin/image/image_utils.h:[m[K In function ‘[01m[Kstd::pair<float, float> pangolin::GetMinMax(const pangolin::Image<unsigned char>&, pangolin::XYRangei, const pangolin::GlPixFormat&)[m[K’:
[01m[K/home/cat/TurboSLAM/3rdparty/Pangolin-0.9.5/components/pango_image/include/pangolin/image/image_utils.h:119:1:[m[K [01;36m[Knote: [m[Kparameter passing for argument of type ‘[01m[Kstd::pair<float, float>[m[K’ when C++17 is enabled changed to match C++14 in GCC 10.1
  119 | [01;36m[K)[m[K {
      | [01;36m[K^[m[K
lto-wrapper: warning: using serial compilation of 21 LTRANS jobs
