running egg_info
creating ../../build/uav_master/uav_master.egg-info
writing ../../build/uav_master/uav_master.egg-info/PKG-INFO
writing dependency_links to ../../build/uav_master/uav_master.egg-info/dependency_links.txt
writing entry points to ../../build/uav_master/uav_master.egg-info/entry_points.txt
writing requirements to ../../build/uav_master/uav_master.egg-info/requires.txt
writing top-level names to ../../build/uav_master/uav_master.egg-info/top_level.txt
writing manifest file '../../build/uav_master/uav_master.egg-info/SOURCES.txt'
reading manifest file '../../build/uav_master/uav_master.egg-info/SOURCES.txt'
writing manifest file '../../build/uav_master/uav_master.egg-info/SOURCES.txt'
running build
running build_py
creating /home/cat/TurboSLAM/build/uav_master/build
creating /home/cat/TurboSLAM/build/uav_master/build/lib
creating /home/cat/TurboSLAM/build/uav_master/build/lib/uav_master
copying uav_master/odometry_subscriber.py -> /home/cat/TurboSLAM/build/uav_master/build/lib/uav_master
copying uav_master/__init__.py -> /home/cat/TurboSLAM/build/uav_master/build/lib/uav_master
copying uav_master/odometry_node.py -> /home/cat/TurboSLAM/build/uav_master/build/lib/uav_master
running install
running install_lib
creating /home/cat/TurboSLAM/install/uav_master/lib/python3.10/site-packages/uav_master
copying /home/cat/TurboSLAM/build/uav_master/build/lib/uav_master/odometry_subscriber.py -> /home/cat/TurboSLAM/install/uav_master/lib/python3.10/site-packages/uav_master
copying /home/cat/TurboSLAM/build/uav_master/build/lib/uav_master/__init__.py -> /home/cat/TurboSLAM/install/uav_master/lib/python3.10/site-packages/uav_master
copying /home/cat/TurboSLAM/build/uav_master/build/lib/uav_master/odometry_node.py -> /home/cat/TurboSLAM/install/uav_master/lib/python3.10/site-packages/uav_master
byte-compiling /home/cat/TurboSLAM/install/uav_master/lib/python3.10/site-packages/uav_master/odometry_subscriber.py to odometry_subscriber.cpython-310.pyc
byte-compiling /home/cat/TurboSLAM/install/uav_master/lib/python3.10/site-packages/uav_master/__init__.py to __init__.cpython-310.pyc
byte-compiling /home/cat/TurboSLAM/install/uav_master/lib/python3.10/site-packages/uav_master/odometry_node.py to odometry_node.cpython-310.pyc
running install_data
creating /home/cat/TurboSLAM/install/uav_master/share/ament_index
creating /home/cat/TurboSLAM/install/uav_master/share/ament_index/resource_index
creating /home/cat/TurboSLAM/install/uav_master/share/ament_index/resource_index/packages
copying resource/uav_master -> /home/cat/TurboSLAM/install/uav_master/share/ament_index/resource_index/packages
copying package.xml -> /home/cat/TurboSLAM/install/uav_master/share/uav_master
running install_egg_info
Copying ../../build/uav_master/uav_master.egg-info to /home/cat/TurboSLAM/install/uav_master/lib/python3.10/site-packages/uav_master-0.0.0-py3.10.egg-info
running install_scripts
Installing odometry_subscriber script to /home/cat/TurboSLAM/install/uav_master/lib/uav_master
writing list of installed files to '/home/cat/TurboSLAM/build/uav_master/install.log'
