[0mCurrent CPU archtecture: aarch64[0m
[0mEigen:/usr/include/eigen3[0m
[33mCMake Warning:
  Manually-specified variables were not used by the project:

    DISTRO_ROS

[0m
In file included from [01m[K/usr/include/boost/smart_ptr/detail/sp_thread_sleep.hpp:22[m[K,
                 from [01m[K/usr/include/boost/smart_ptr/detail/yield_k.hpp:23[m[K,
                 from [01m[K/usr/include/boost/smart_ptr/detail/spinlock_gcc_atomic.hpp:14[m[K,
                 from [01m[K/usr/include/boost/smart_ptr/detail/spinlock.hpp:42[m[K,
                 from [01m[K/usr/include/boost/smart_ptr/detail/spinlock_pool.hpp:25[m[K,
                 from [01m[K/usr/include/boost/smart_ptr/shared_ptr.hpp:29[m[K,
                 from [01m[K/usr/include/boost/shared_ptr.hpp:17[m[K,
                 from [01m[K/usr/include/boost/date_time/microsec_time_clock.hpp:18[m[K,
                 from [01m[K/usr/include/boost/interprocess/detail/posix_time_types_wrk.hpp:31[m[K,
                 from [01m[K/usr/include/boost/interprocess/detail/os_thread_functions.hpp:36[m[K,
                 from [01m[K/usr/include/boost/interprocess/sync/file_lock.hpp:26[m[K,
                 from [01m[K/usr/include/pcl-1.12/pcl/io/pcd_io.h:46[m[K,
                 from [01m[K/opt/ros/humble/include/pcl_conversions/pcl_conversions/pcl_conversions.h:73[m[K,
                 from [01m[K/home/cat/TurboSLAM/src/FAST_LIO/src/IMU_Processing.hpp:18[m[K,
                 from [01m[K/home/cat/TurboSLAM/src/FAST_LIO/src/laserMapping.cpp:47[m[K:
[01m[K/usr/include/boost/bind.hpp:36:1:[m[K [01;36m[Knote: [m[K‘[01m[K#pragma message: The practice of declaring the Bind placeholders (_1, _2, ...) in the global namespace is deprecated. Please use <boost/bind/bind.hpp> + using namespace boost::placeholders, or define BOOST_BIND_GLOBAL_PLACEHOLDERS to retain the current behavior.[m[K’
   36 | [01;36m[KBOOST_PRAGMA_MESSAGE[m[K(
      | [01;36m[K^~~~~~~~~~~~~~~~~~~~[m[K
In file included from [01m[K/home/cat/TurboSLAM/src/FAST_LIO/include/IKFoM_toolkit/esekfom/../mtk/types/SOn.hpp:83[m[K,
                 from [01m[K/home/cat/TurboSLAM/src/FAST_LIO/include/IKFoM_toolkit/esekfom/esekfom.hpp:49[m[K,
                 from [01m[K/home/cat/TurboSLAM/src/FAST_LIO/include/use-ikfom.hpp:4[m[K,
                 from [01m[K/home/cat/TurboSLAM/src/FAST_LIO/src/IMU_Processing.hpp:22[m[K,
                 from [01m[K/home/cat/TurboSLAM/src/FAST_LIO/src/laserMapping.cpp:47[m[K:
/home/cat/TurboSLAM/src/FAST_LIO/include/IKFoM_toolkit/esekfom/../mtk/types/../src/mtkmath.hpp: In instantiation of ‘[01m[Kstd::pair<_FIter, _FIter> MTK::cos_sinc_sqrt(const scalar&) [with scalar = double][m[K’:
[01m[K/home/cat/TurboSLAM/src/FAST_LIO/include/IKFoM_toolkit/esekfom/../mtk/types/../src/mtkmath.hpp:252:52:[m[K   required from ‘[01m[Kscalar MTK::exp(MTK::vectview<scalar, dim>, MTK::vectview<const scalar, dim>, const scalar&) [with scalar = double; int n = 3][m[K’
[01m[K/home/cat/TurboSLAM/src/FAST_LIO/include/IKFoM_toolkit/esekfom/../mtk/types/S2.hpp:140:32:[m[K   required from ‘[01m[Kvoid MTK::S2<_scalar, den, num, S2_typ>::boxplus(MTK::vectview<const _scalar, 2>, MTK::S2<_scalar, den, num, S2_typ>::scalar) [with _scalar = double; int den = 98090; int num = 10000; int S2_typ = 1; MTK::S2<_scalar, den, num, S2_typ>::scalar = double][m[K’
[01m[K/home/cat/TurboSLAM/src/FAST_LIO/include/use-ikfom.hpp:12:1:[m[K   required from here
[01m[K/home/cat/TurboSLAM/src/FAST_LIO/include/IKFoM_toolkit/esekfom/../mtk/types/../src/mtkmath.hpp:143:27:[m[K [01;36m[Knote: [m[Kparameter passing for argument of type ‘[01m[Kstd::pair<double, double>[m[K’ when C++17 is enabled changed to match C++14 in GCC 10.1
  143 | std::pair<scalar, scalar> [01;36m[Kcos_sinc_sqrt[m[K(const scalar &x2){
      |                           [01;36m[K^~~~~~~~~~~~~[m[K
