-- The C compiler identification is GNU 11.4.0
-- The CXX compiler identification is GNU 11.4.0
-- Detecting C compiler ABI info
-- Detecting C compiler ABI info - done
-- Check for working C compiler: /usr/bin/cc - skipped
-- Detecting C compile features
-- Detecting C compile features - done
-- Detecting CXX compiler ABI info
-- Detecting CXX compiler ABI info - done
-- Check for working CXX compiler: /usr/bin/c++ - skipped
-- Detecting CXX compile features
-- Detecting CXX compile features - done
-- Setting build type to 'Release' as none was specified.
-- libpng Found and Enabled
-- libjpeg Found and Enabled
-- libtiff Found and Enabled
-- libopenexr Found and Enabled
-- liblz4 Found and Enabled
-- libzstd Found and Enabled
-- Found Eigen: '/usr/include/eigen3'
-- Found OpenGL: /usr/lib/aarch64-linux-gnu/libOpenGL.so  found components: OpenGL EGL 
-- Found epoxy: /usr/lib/aarch64-linux-gnu/libepoxy.so (found version "1.5.10") 
-- Found Python3: /usr/bin/python3.10 (found version "3.10.12") found components: Interpreter Development Development.Module Development.Embed 
-- Performing Test HAS_FLTO
-- Performing Test HAS_FLTO - Success
-- Selected Python: '/usr/bin/python3.10'. cmake --build . -t pypangolin_pip_install to use pypangolin module.
-- libdc1394 Found and Enabled
-- V4L Found and Enabled
-- Performing Test HAVE_FFMPEG_MAX_ANALYZE_DURATION
-- Performing Test HAVE_FFMPEG_MAX_ANALYZE_DURATION - Success
-- Performing Test HAVE_FFMPEG_AVFORMAT_ALLOC_OUTPUT_CONTEXT2
-- Performing Test HAVE_FFMPEG_AVFORMAT_ALLOC_OUTPUT_CONTEXT2 - Success
-- Performing Test HAVE_FFMPEG_AVPIXELFORMAT
-- Performing Test HAVE_FFMPEG_AVPIXELFORMAT - Success
-- ffmpeg Found and Enabled: /usr/include/aarch64-linux-gnu;/usr/include/aarch64-linux-gnu;/usr/include/aarch64-linux-gnu;/usr/include/aarch64-linux-gnu;/usr/include/aarch64-linux-gnu
-- Found PkgConfig: /usr/bin/pkg-config (found version "0.29.2") 
-- OpenNI Found and Enabled
-- OpenNI2 Found and Enabled
-- Checking for module 'wayland-egl'
--   Found wayland-egl, version 18.1.0
-- Checking for module 'wayland-cursor'
--   Found wayland-cursor, version 1.20.0
-- Checking for module 'xkbcommon'
--   Found xkbcommon, version 1.4.0
-- Found Threads: TRUE  
-- Found OpenGL: /usr/lib/aarch64-linux-gnu/libOpenGL.so  found components: OpenGL 
-- Found OpenGL: /usr/lib/aarch64-linux-gnu/libOpenGL.so  found components: EGL 
-- Found OpenGL: /usr/lib/aarch64-linux-gnu/libOpenGL.so  found components: OpenGL 
-- Found OpenGL: /usr/lib/aarch64-linux-gnu/libOpenGL.so  found components: EGL 
-- Found OpenGL: /usr/lib/aarch64-linux-gnu/libOpenGL.so  found components: OpenGL 
-- Found OpenGL: /usr/lib/aarch64-linux-gnu/libOpenGL.so  found components: EGL 
-- Found OpenGL: /usr/lib/aarch64-linux-gnu/libOpenGL.so  found components: OpenGL 
-- Found OpenGL: /usr/lib/aarch64-linux-gnu/libOpenGL.so  found components: EGL 
-- Found OpenGL: /usr/lib/aarch64-linux-gnu/libOpenGL.so  found components: OpenGL 
-- Found OpenGL: /usr/lib/aarch64-linux-gnu/libOpenGL.so  found components: EGL 
-- Found OpenGL: /usr/lib/aarch64-linux-gnu/libOpenGL.so  found components: OpenGL 
-- Found OpenGL: /usr/lib/aarch64-linux-gnu/libOpenGL.so  found components: EGL 
-- Found OpenGL: /usr/lib/aarch64-linux-gnu/libOpenGL.so  found components: OpenGL 
-- Found OpenGL: /usr/lib/aarch64-linux-gnu/libOpenGL.so  found components: EGL 
-- Found OpenGL: /usr/lib/aarch64-linux-gnu/libOpenGL.so  found components: OpenGL 
-- Found OpenGL: /usr/lib/aarch64-linux-gnu/libOpenGL.so  found components: EGL 
-- Found OpenGL: /usr/lib/aarch64-linux-gnu/libOpenGL.so  found components: OpenGL 
-- Found OpenGL: /usr/lib/aarch64-linux-gnu/libOpenGL.so  found components: EGL 
-- Found OpenGL: /usr/lib/aarch64-linux-gnu/libOpenGL.so  found components: OpenGL 
-- Found OpenGL: /usr/lib/aarch64-linux-gnu/libOpenGL.so  found components: EGL 
-- Found OpenGL: /usr/lib/aarch64-linux-gnu/libOpenGL.so  found components: OpenGL 
-- Found OpenGL: /usr/lib/aarch64-linux-gnu/libOpenGL.so  found components: EGL 
-- Found OpenGL: /usr/lib/aarch64-linux-gnu/libOpenGL.so  found components: OpenGL 
-- Found OpenGL: /usr/lib/aarch64-linux-gnu/libOpenGL.so  found components: EGL 
-- Found OpenGL: /usr/lib/aarch64-linux-gnu/libOpenGL.so  found components: OpenGL 
-- Found OpenGL: /usr/lib/aarch64-linux-gnu/libOpenGL.so  found components: EGL 
-- Found OpenGL: /usr/lib/aarch64-linux-gnu/libOpenGL.so  found components: OpenGL 
-- Found OpenGL: /usr/lib/aarch64-linux-gnu/libOpenGL.so  found components: EGL 
-- Found OpenGL: /usr/lib/aarch64-linux-gnu/libOpenGL.so  found components: OpenGL 
-- Found OpenGL: /usr/lib/aarch64-linux-gnu/libOpenGL.so  found components: EGL 
-- Found OpenGL: /usr/lib/aarch64-linux-gnu/libOpenGL.so  found components: OpenGL 
-- Found OpenGL: /usr/lib/aarch64-linux-gnu/libOpenGL.so  found components: EGL 
-- Configuring done
-- Generating done
-- Build files have been written to: /home/cat/TurboSLAM/build/pangolin
[  0%] [32mBuilding CXX object CMakeFiles/pango_core.dir/components/pango_core/src/sigstate.cpp.o[0m
[  1%] [32mBuilding CXX object CMakeFiles/pango_core.dir/components/pango_core/src/file_utils.cpp.o[0m
[  1%] [32mBuilding CXX object CMakeFiles/pango_core.dir/components/pango_core/src/file_extension.cpp.o[0m
[  1%] [32mBuilding CXX object CMakeFiles/tinyobj.dir/components/tinyobj/src/tinyobj.cpp.o[0m
[  2%] [32mBuilding CXX object CMakeFiles/pango_core.dir/components/pango_core/src/avx_math.cpp.o[0m
[  2%] [32mBuilding CXX object CMakeFiles/pango_core.dir/components/pango_core/src/uri.cpp.o[0m
[  3%] [32mBuilding CXX object CMakeFiles/pango_core.dir/components/pango_core/src/threadedfilebuf.cpp.o[0m
[  3%] [32mBuilding CXX object CMakeFiles/pango_core.dir/components/pango_core/src/param_set.cpp.o[0m
[  3%] [32mBuilding CXX object CMakeFiles/pango_core.dir/components/pango_core/src/factory/factory_registry.cpp.o[0m
[  4%] [32mBuilding CXX object CMakeFiles/pango_core.dir/components/pango_core/src/factory/factory_help.cpp.o[0m
[  4%] [32mBuilding CXX object CMakeFiles/pango_core.dir/components/pango_core/src/posix/condition_variable.cpp.o[0m
[  5%] [32mBuilding CXX object CMakeFiles/pango_core.dir/components/pango_core/src/posix/semaphore.cpp.o[0m
[  5%] [32mBuilding CXX object CMakeFiles/pango_core.dir/components/pango_core/src/posix/shared_memory_buffer.cpp.o[0m
[  5%] [32m[1mLinking CXX shared library libtinyobj.so[0m
[  5%] Built target tinyobj
[  6%] [32m[1mLinking CXX shared library libpango_core.so[0m
[  6%] Built target pango_core
[  6%] [32mBuilding CXX object CMakeFiles/pango_image.dir/components/pango_image/src/image_io.cpp.o[0m
[  6%] [32mBuilding CXX object CMakeFiles/pango_image.dir/components/pango_image/src/pixel_format.cpp.o[0m
[  6%] [32mBuilding CXX object CMakeFiles/pango_vars.dir/components/pango_vars/src/vars.cpp.o[0m
[  6%] [32mBuilding CXX object CMakeFiles/pango_image.dir/components/pango_image/src/image_io_packed12bit.cpp.o[0m
[  7%] [32mBuilding CXX object CMakeFiles/pango_vars.dir/components/pango_vars/src/varstate.cpp.o[0m
[  8%] [32mBuilding CXX object CMakeFiles/pango_image.dir/components/pango_image/src/image_io_lz4.cpp.o[0m
[  8%] [32mBuilding CXX object CMakeFiles/pango_image.dir/components/pango_image/src/image_io_jpg.cpp.o[0m
[  8%] [32mBuilding CXX object CMakeFiles/pango_image.dir/components/pango_image/src/image_io_raw.cpp.o[0m
[  8%] [32mBuilding CXX object CMakeFiles/pango_image.dir/components/pango_image/src/image_io_tga.cpp.o[0m
[  8%] [32m[1mLinking CXX shared library libpango_vars.so[0m
[  8%] Built target pango_vars
[  8%] [32mBuilding CXX object CMakeFiles/pango_image.dir/components/pango_image/src/image_io_zstd.cpp.o[0m
[  9%] [32mBuilding CXX object CMakeFiles/pango_image.dir/components/pango_image/src/image_io_libraw.cpp.o[0m
[  9%] [32mBuilding CXX object CMakeFiles/pango_image.dir/components/pango_image/src/image_io_tiff.cpp.o[0m
[ 10%] [32mBuilding CXX object CMakeFiles/pango_image.dir/components/pango_image/src/image_io_bmp.cpp.o[0m
[ 11%] [32mBuilding CXX object CMakeFiles/pango_image.dir/components/pango_image/src/image_io_png.cpp.o[0m
[ 11%] [32mBuilding CXX object CMakeFiles/pango_image.dir/components/pango_image/src/image_io_ppm.cpp.o[0m
[ 12%] [32mBuilding CXX object CMakeFiles/pango_image.dir/components/pango_image/src/image_io_pango.cpp.o[0m
[ 13%] [32mBuilding CXX object CMakeFiles/pango_image.dir/components/pango_image/src/image_io_exr.cpp.o[0m
[ 14%] [32m[1mLinking CXX shared library libpango_image.so[0m
[ 14%] Built target pango_image
[ 15%] [34m[1mEmbedding /home/cat/TurboSLAM/3rdparty/Pangolin-0.9.5/components/pango_opengl/shaders/colormaps.glsl.h;/home/cat/TurboSLAM/3rdparty/Pangolin-0.9.5/components/pango_opengl/shaders/font.glsl.h;/home/cat/TurboSLAM/3rdparty/Pangolin-0.9.5/components/pango_opengl/shaders/main_experiments.glsl;/home/cat/TurboSLAM/3rdparty/Pangolin-0.9.5/components/pango_opengl/shaders/main_text.glsl;/home/cat/TurboSLAM/3rdparty/Pangolin-0.9.5/components/pango_opengl/shaders/main_widgets.glsl;/home/cat/TurboSLAM/3rdparty/Pangolin-0.9.5/components/pango_opengl/shaders/matcap.glsl.h;/home/cat/TurboSLAM/3rdparty/Pangolin-0.9.5/components/pango_opengl/shaders/noise.glsl.h;/home/cat/TurboSLAM/3rdparty/Pangolin-0.9.5/components/pango_opengl/shaders/sdf.glsl.h;/home/cat/TurboSLAM/3rdparty/Pangolin-0.9.5/components/pango_opengl/shaders/utils.glsl.h into shaders.cpp[0m
[ 15%] [34m[1mEmbedding /home/cat/TurboSLAM/3rdparty/Pangolin-0.9.5/components/pango_opengl/src/fonts/AnonymousPro.ttf into fonts.cpp[0m
[ 15%] [32mBuilding CXX object CMakeFiles/pango_packetstream.dir/components/pango_packetstream/src/packetstream.cpp.o[0m
[ 16%] [32mBuilding CXX object CMakeFiles/pango_packetstream.dir/components/pango_packetstream/src/packet.cpp.o[0m
[ 16%] [32mBuilding CXX object CMakeFiles/pango_opengl.dir/components/pango_opengl/src/glchar.cpp.o[0m
[ 17%] [32mBuilding CXX object CMakeFiles/pango_opengl.dir/components/pango_opengl/src/glfont.cpp.o[0m
[ 18%] [32mBuilding CXX object CMakeFiles/pango_packetstream.dir/components/pango_packetstream/src/playback_session.cpp.o[0m
[ 19%] [32mBuilding CXX object CMakeFiles/pango_packetstream.dir/components/pango_packetstream/src/packetstream_reader.cpp.o[0m
[ 19%] [32mBuilding CXX object CMakeFiles/pango_packetstream.dir/components/pango_packetstream/src/packetstream_writer.cpp.o[0m
[ 19%] [32mBuilding CXX object CMakeFiles/pango_opengl.dir/components/pango_opengl/src/gltexturecache.cpp.o[0m
[ 20%] [32mBuilding CXX object CMakeFiles/pango_opengl.dir/components/pango_opengl/src/glpangoglu.cpp.o[0m
[ 20%] [32mBuilding CXX object CMakeFiles/pango_opengl.dir/components/pango_opengl/src/gltext.cpp.o[0m
[ 21%] [32mBuilding CXX object CMakeFiles/pango_opengl.dir/components/pango_opengl/src/viewport.cpp.o[0m
[ 21%] [32mBuilding CXX object CMakeFiles/pango_opengl.dir/components/pango_opengl/src/gldraw.cpp.o[0m
[ 21%] [32mBuilding CXX object CMakeFiles/pango_opengl.dir/components/pango_opengl/src/opengl_render_state.cpp.o[0m
[ 21%] [32m[1mLinking CXX shared library libpango_packetstream.so[0m
[ 21%] [32mBuilding CXX object CMakeFiles/pango_opengl.dir/shaders.cpp.o[0m
[ 21%] Built target pango_packetstream
[ 22%] [32mBuilding CXX object CMakeFiles/pango_opengl.dir/fonts.cpp.o[0m
[ 22%] [32m[1mLinking CXX shared library libpango_opengl.so[0m
[ 22%] Built target pango_opengl
[ 23%] [34m[1mCreating /home/cat/TurboSLAM/build/pangolin/include/pangolin/factory/RegisterFactoriesVideoOutputInterface.h factory registry header[0m
[ 23%] [34m[1mCreating /home/cat/TurboSLAM/build/pangolin/include/pangolin/factory/RegisterFactoriesVideoInterface.h factory registry header[0m
[ 23%] [32mBuilding CXX object CMakeFiles/pango_video.dir/components/pango_video/src/stream_encoder_factory.cpp.o[0m
[ 23%] [32mBuilding CXX object CMakeFiles/pango_video.dir/components/pango_video/src/video_help.cpp.o[0m
[ 24%] [32mBuilding CXX object CMakeFiles/pango_video.dir/components/pango_video/src/drivers/test.cpp.o[0m
[ 25%] [32mBuilding CXX object CMakeFiles/pango_video.dir/components/pango_video/src/video.cpp.o[0m
[ 25%] [32mBuilding CXX object CMakeFiles/pango_video.dir/components/pango_video/src/drivers/images.cpp.o[0m
[ 25%] [32mBuilding CXX object CMakeFiles/pango_video.dir/components/pango_video/src/video_output.cpp.o[0m
[ 26%] [32mBuilding CXX object CMakeFiles/pango_video.dir/components/pango_video/src/video_input.cpp.o[0m
[ 26%] [32mBuilding CXX object CMakeFiles/pango_video.dir/components/pango_video/src/drivers/images_out.cpp.o[0m
[ 27%] [32mBuilding CXX object CMakeFiles/pango_video.dir/components/pango_video/src/drivers/split.cpp.o[0m
[ 27%] [32mBuilding CXX object CMakeFiles/pango_video.dir/components/pango_video/src/drivers/truncate.cpp.o[0m
[ 28%] [32mBuilding CXX object CMakeFiles/pango_video.dir/components/pango_video/src/drivers/pango.cpp.o[0m
[ 28%] [32mBuilding CXX object CMakeFiles/pango_video.dir/components/pango_video/src/drivers/pango_video_output.cpp.o[0m
[ 29%] [32mBuilding CXX object CMakeFiles/pango_video.dir/components/pango_video/src/drivers/debayer.cpp.o[0m
[ 29%] [32mBuilding CXX object CMakeFiles/pango_video.dir/components/pango_video/src/drivers/shift.cpp.o[0m
[ 30%] [32mBuilding CXX object CMakeFiles/pango_video.dir/components/pango_video/src/drivers/transform.cpp.o[0m
[ 30%] [32mBuilding CXX object CMakeFiles/pango_video.dir/components/pango_video/src/drivers/unpack.cpp.o[0m
[ 30%] [32mBuilding CXX object CMakeFiles/pango_video.dir/components/pango_video/src/drivers/pack.cpp.o[0m
[ 31%] [32mBuilding CXX object CMakeFiles/pango_video.dir/components/pango_video/src/drivers/join.cpp.o[0m
[ 31%] [32mBuilding CXX object CMakeFiles/pango_video.dir/components/pango_video/src/drivers/merge.cpp.o[0m
[ 32%] [32mBuilding CXX object CMakeFiles/pango_video.dir/components/pango_video/src/drivers/json.cpp.o[0m
[ 32%] [32mBuilding CXX object CMakeFiles/pango_video.dir/components/pango_video/src/drivers/thread.cpp.o[0m
[ 33%] [32mBuilding CXX object CMakeFiles/pango_video.dir/components/pango_video/src/drivers/mjpeg.cpp.o[0m
[ 33%] [32mBuilding CXX object CMakeFiles/pango_video.dir/components/pango_video/src/drivers/shared_memory.cpp.o[0m
[ 34%] [32mBuilding CXX object CMakeFiles/pango_video.dir/components/pango_video/src/drivers/firewire.cpp.o[0m
[ 34%] [32mBuilding CXX object CMakeFiles/pango_video.dir/components/pango_video/src/drivers/deinterlace.cpp.o[0m
[ 34%] [32mBuilding CXX object CMakeFiles/pango_video.dir/components/pango_video/src/drivers/v4l.cpp.o[0m
[ 35%] [32mBuilding CXX object CMakeFiles/pango_video.dir/components/pango_video/src/drivers/ffmpeg.cpp.o[0m
[ 35%] [32mBuilding CXX object CMakeFiles/pango_video.dir/components/pango_video/src/drivers/ffmpeg_convert.cpp.o[0m
[ 36%] [32mBuilding CXX object CMakeFiles/pango_video.dir/components/pango_video/src/drivers/ffmpeg_output.cpp.o[0m
[ 36%] [32mBuilding CXX object CMakeFiles/pango_video.dir/components/pango_video/src/drivers/openni.cpp.o[0m
[ 37%] [32mBuilding CXX object CMakeFiles/pango_video.dir/components/pango_video/src/drivers/openni2.cpp.o[0m
[ 37%] [32m[1mLinking CXX shared library libpango_video.so[0m
[ 37%] Built target pango_video
[ 37%] [34m[1mGenerating xdg-shell-client-protocol.h[0m
[ 37%] [34m[1mCreating /home/cat/TurboSLAM/build/pangolin/include/pangolin/factory/RegisterFactoriesWindowInterface.h factory registry header[0m
[ 37%] [32mBuilding CXX object CMakeFiles/pango_geometry.dir/components/pango_geometry/src/geometry_ply.cpp.o[0m
[ 38%] [34m[1mGenerating xdg-shell-protocol.c[0m
[ 39%] [32mBuilding CXX object CMakeFiles/pango_geometry.dir/components/pango_geometry/src/geometry_obj.cpp.o[0m
[ 39%] [32mBuilding CXX object CMakeFiles/pango_geometry.dir/components/pango_geometry/src/geometry.cpp.o[0m
[ 39%] [32mBuilding CXX object CMakeFiles/pango_scene.dir/components/pango_scene/src/renderable.cpp.o[0m
[ 39%] [32mBuilding CXX object CMakeFiles/pango_windowing.dir/components/pango_windowing/src/display_headless.cpp.o[0m
[ 40%] [32mBuilding CXX object CMakeFiles/pango_windowing.dir/components/pango_windowing/src/display_x11.cpp.o[0m
[ 41%] [32mBuilding C object CMakeFiles/pango_windowing.dir/xdg-shell-protocol.c.o[0m
[ 41%] [32mBuilding CXX object CMakeFiles/pango_windowing.dir/components/pango_windowing/src/display_wayland.cpp.o[0m
[ 42%] [32mBuilding CXX object CMakeFiles/pango_windowing.dir/components/pango_windowing/src/window.cpp.o[0m
[ 43%] [32m[1mLinking CXX shared library libpango_scene.so[0m
[ 43%] Built target pango_scene
[ 44%] [32m[1mLinking CXX shared library libpango_geometry.so[0m
[ 44%] Built target pango_geometry
[ 44%] [32mBuilding CXX object CMakeFiles/pango_glgeometry.dir/components/pango_glgeometry/src/glgeometry.cpp.o[0m
[ 44%] [32m[1mLinking CXX shared library libpango_windowing.so[0m
[ 44%] Built target pango_windowing
[ 45%] [32mBuilding CXX object CMakeFiles/pango_display.dir/components/pango_display/src/display.cpp.o[0m
[ 45%] [32mBuilding CXX object CMakeFiles/pango_display.dir/components/pango_display/src/pangolin_gl.cpp.o[0m
[ 45%] [32mBuilding CXX object CMakeFiles/pango_display.dir/components/pango_display/src/process.cpp.o[0m
[ 46%] [32mBuilding CXX object CMakeFiles/pango_display.dir/components/pango_display/src/view.cpp.o[0m
[ 46%] [32mBuilding CXX object CMakeFiles/pango_display.dir/components/pango_display/src/handler_glbuffer.cpp.o[0m
[ 47%] [32mBuilding CXX object CMakeFiles/pango_display.dir/components/pango_display/src/handler.cpp.o[0m
[ 47%] [32mBuilding CXX object CMakeFiles/pango_display.dir/components/pango_display/src/handler_image.cpp.o[0m
[ 48%] [32m[1mLinking CXX shared library libpango_glgeometry.so[0m
[ 48%] Built target pango_glgeometry
[ 49%] [32mBuilding CXX object CMakeFiles/pango_display.dir/components/pango_display/src/widgets.cpp.o[0m
[ 49%] [32mBuilding CXX object CMakeFiles/pango_display.dir/components/pango_display/src/image_view.cpp.o[0m
[ 50%] [32mBuilding CXX object CMakeFiles/pango_display.dir/components/pango_display/src/ConsoleView.cpp.o[0m
[ 50%] [32mBuilding CXX object CMakeFiles/pango_display.dir/components/pango_display/src/default_font.cpp.o[0m
[ 50%] [32mBuilding CXX object CMakeFiles/pango_display.dir/fonts.cpp.o[0m
[ 51%] [32m[1mLinking CXX shared library libpango_display.so[0m
[ 51%] Built target pango_display
[ 52%] [32mBuilding CXX object CMakeFiles/pango_plot.dir/components/pango_plot/src/datalog.cpp.o[0m
[ 53%] [32mBuilding CXX object CMakeFiles/pango_tools.dir/components/pango_tools/src/video_viewer.cpp.o[0m
[ 53%] [32mBuilding CXX object examples/BasicOpenGL/CMakeFiles/tutorial_1_gl_intro_classic_triangle.dir/1_gl_intro_classic_triangle.cpp.o[0m
[ 53%] [32mBuilding CXX object examples/BasicOpenGL/CMakeFiles/tutorial_3_gl_intro_pango_triangle_vbo_shader.dir/3_gl_intro_pango_triangle_vbo_shader.cpp.o[0m
[ 53%] [32mBuilding CXX object examples/BasicOpenGL/CMakeFiles/tutorial_3_gl_intro_classic_triangle_vbo_shader.dir/3_gl_intro_classic_triangle_vbo_shader.cpp.o[0m
[ 55%] [32mBuilding CXX object examples/BasicOpenGL/CMakeFiles/tutorial_2_gl_intro_pango_triangle_vbo.dir/2_gl_intro_pango_triangle_vbo.cpp.o[0m
[ 55%] [32mBuilding CXX object examples/BasicOpenGL/CMakeFiles/tutorial_2_gl_intro_classic_triangle_vbo.dir/2_gl_intro_classic_triangle_vbo.cpp.o[0m
[ 55%] [32mBuilding CXX object CMakeFiles/pango_plot.dir/components/pango_plot/src/plotter.cpp.o[0m
[ 55%] [32m[1mLinking CXX executable tutorial_1_gl_intro_classic_triangle[0m
[ 55%] Built target tutorial_1_gl_intro_classic_triangle
[ 55%] [32mBuilding CXX object examples/BasicOpenGL/CMakeFiles/tutorial_4_gl_intro_viewport.dir/4_gl_intro_viewport.cpp.o[0m
[ 56%] [32mBuilding CXX object examples/BasicOpenGL/CMakeFiles/tutorial_1_gl_intro_pango_triangle.dir/1_gl_intro_pango_triangle.cpp.o[0m
[ 57%] [32m[1mLinking CXX executable tutorial_3_gl_intro_classic_triangle_vbo_shader[0m
[ 57%] Built target tutorial_3_gl_intro_classic_triangle_vbo_shader
[ 57%] [32mBuilding CXX object examples/BasicOpenGL/CMakeFiles/tutorial_5_gl_intro_view_transforms.dir/5_gl_intro_view_transforms.cpp.o[0m
[ 58%] [32m[1mLinking CXX executable tutorial_4_gl_intro_viewport[0m
[ 58%] [32m[1mLinking CXX executable tutorial_2_gl_intro_classic_triangle_vbo[0m
[ 58%] Built target tutorial_4_gl_intro_viewport
[ 58%] [32mBuilding CXX object examples/SimpleMultiDisplay/CMakeFiles/SimpleMultiDisplay.dir/main.cpp.o[0m
[ 58%] Built target tutorial_2_gl_intro_classic_triangle_vbo
[ 58%] [32mBuilding CXX object examples/SimpleDisplayImage/CMakeFiles/SimpleDisplayImage.dir/main.cpp.o[0m
[ 58%] [32m[1mLinking CXX executable tutorial_1_gl_intro_pango_triangle[0m
[ 58%] Built target tutorial_1_gl_intro_pango_triangle
[ 59%] [32mBuilding CXX object examples/SimpleVideo/CMakeFiles/SimpleVideo.dir/main.cpp.o[0m
[ 60%] [32m[1mLinking CXX executable SimpleMultiDisplay[0m
[ 60%] [32mBuilding CXX object CMakeFiles/pango_plot.dir/components/pango_plot/src/loaders/csv_table_loader.cpp.o[0m
[ 61%] [32m[1mLinking CXX executable SimpleDisplayImage[0m
[ 61%] Built target SimpleMultiDisplay
[ 61%] [32mBuilding CXX object examples/SimpleRecord/CMakeFiles/SimpleRecord.dir/main.cpp.o[0m
[ 61%] Built target SimpleDisplayImage
[ 62%] [32mBuilding CXX object examples/HelloPangolinOffscreen/CMakeFiles/HelloPangolinOffscreen.dir/main.cpp.o[0m
[ 63%] [32m[1mLinking CXX shared library libpango_tools.so[0m
[ 64%] [32m[1mLinking CXX shared library libpango_plot.so[0m
[ 64%] Built target pango_tools
[ 64%] [32mBuilding CXX object examples/SimpleScene/CMakeFiles/SimpleScene.dir/main.cpp.o[0m
[ 64%] [32m[1mLinking CXX executable tutorial_2_gl_intro_pango_triangle_vbo[0m
[ 64%] Built target pango_plot
[ 64%] [32mBuilding CXX object CMakeFiles/pango_python.dir/components/pango_python/src/pyinterpreter.cpp.o[0m
[ 64%] Built target tutorial_2_gl_intro_pango_triangle_vbo
[ 65%] [32mBuilding CXX object CMakeFiles/pypangolin.dir/components/pango_python/src/pypangolin_module.cpp.o[0m
[ 66%] [32m[1mLinking CXX executable tutorial_5_gl_intro_view_transforms[0m
[ 66%] Built target tutorial_5_gl_intro_view_transforms
[ 66%] [32mBuilding CXX object examples/SimplePlot/CMakeFiles/SimplePlot.dir/main.cpp.o[0m
[ 66%] [32m[1mLinking CXX executable SimpleVideo[0m
[ 67%] [32m[1mLinking CXX executable SimpleRecord[0m
[ 68%] [32m[1mLinking CXX executable tutorial_3_gl_intro_pango_triangle_vbo_shader[0m
[ 68%] Built target tutorial_3_gl_intro_pango_triangle_vbo_shader
[ 68%] [32mBuilding CXX object CMakeFiles/pypangolin.dir/components/pango_python/src/pypangolin/attach.cpp.o[0m
[ 68%] Built target SimpleVideo
[ 68%] [32mBuilding CXX object CMakeFiles/pypangolin.dir/components/pango_python/src/pypangolin/colour.cpp.o[0m
[ 68%] [32m[1mLinking CXX executable HelloPangolinOffscreen[0m
[ 68%] Built target SimpleRecord
[ 69%] [32mBuilding CXX object CMakeFiles/pypangolin.dir/components/pango_python/src/pypangolin/datalog.cpp.o[0m
[ 69%] Built target HelloPangolinOffscreen
[ 69%] [32mBuilding CXX object CMakeFiles/pypangolin.dir/components/pango_python/src/pypangolin/display.cpp.o[0m
[ 70%] [32m[1mLinking CXX executable SimplePlot[0m
[ 70%] Built target SimplePlot
[ 71%] [32mBuilding CXX object CMakeFiles/pango_python.dir/components/pango_python/src/pypangolin_embed.cpp.o[0m
[ 72%] [32mBuilding CXX object CMakeFiles/pypangolin.dir/components/pango_python/src/pypangolin/gl.cpp.o[0m
[ 72%] [32mBuilding CXX object CMakeFiles/pypangolin.dir/components/pango_python/src/pypangolin/gl_draw.cpp.o[0m
[ 72%] [32mBuilding CXX object CMakeFiles/pango_python.dir/components/pango_python/src/pypangolin/attach.cpp.o[0m
[ 73%] [32mBuilding CXX object CMakeFiles/pango_python.dir/components/pango_python/src/pypangolin/colour.cpp.o[0m
[ 74%] [32mBuilding CXX object CMakeFiles/pypangolin.dir/components/pango_python/src/pypangolin/gltext.cpp.o[0m
[ 74%] [32mBuilding CXX object CMakeFiles/pypangolin.dir/components/pango_python/src/pypangolin/glfont.cpp.o[0m
[ 74%] [32m[1mLinking CXX executable SimpleScene[0m
[ 74%] Built target SimpleScene
[ 75%] [32mBuilding CXX object CMakeFiles/pango_python.dir/components/pango_python/src/pypangolin/display.cpp.o[0m
[ 75%] [32mBuilding CXX object CMakeFiles/pango_python.dir/components/pango_python/src/pypangolin/gl.cpp.o[0m
[ 75%] [32mBuilding CXX object CMakeFiles/pypangolin.dir/components/pango_python/src/pypangolin/handler.cpp.o[0m
[ 75%] [32mBuilding CXX object CMakeFiles/pypangolin.dir/components/pango_python/src/pypangolin/glvbo.cpp.o[0m
[ 76%] [32mBuilding CXX object CMakeFiles/pango_python.dir/components/pango_python/src/pypangolin/gl_draw.cpp.o[0m
[ 76%] [32mBuilding CXX object CMakeFiles/pypangolin.dir/components/pango_python/src/pypangolin/glsl.cpp.o[0m
[ 77%] [32mBuilding CXX object CMakeFiles/pypangolin.dir/components/pango_python/src/pypangolin/image.cpp.o[0m
[ 77%] [32mBuilding CXX object CMakeFiles/pango_python.dir/components/pango_python/src/pypangolin/datalog.cpp.o[0m
[ 77%] [32mBuilding CXX object CMakeFiles/pypangolin.dir/components/pango_python/src/pypangolin/image_view.cpp.o[0m
[ 78%] [32mBuilding CXX object CMakeFiles/pypangolin.dir/components/pango_python/src/pypangolin/opengl_render_state.cpp.o[0m
[ 78%] [32mBuilding CXX object CMakeFiles/pypangolin.dir/components/pango_python/src/pypangolin/params.cpp.o[0m
[ 79%] [32mBuilding CXX object CMakeFiles/pypangolin.dir/components/pango_python/src/pypangolin/pixel_format.cpp.o[0m
[ 80%] [32mBuilding CXX object CMakeFiles/pango_python.dir/components/pango_python/src/pypangolin/gltext.cpp.o[0m
[ 80%] [32mBuilding CXX object CMakeFiles/pango_python.dir/components/pango_python/src/pypangolin/glfont.cpp.o[0m
[ 81%] [32mBuilding CXX object CMakeFiles/pypangolin.dir/components/pango_python/src/pypangolin/pypangoio.cpp.o[0m
[ 81%] [32mBuilding CXX object CMakeFiles/pango_python.dir/components/pango_python/src/pypangolin/glvbo.cpp.o[0m
[ 81%] [32mBuilding CXX object CMakeFiles/pypangolin.dir/components/pango_python/src/pypangolin/plotter.cpp.o[0m
[ 82%] [32mBuilding CXX object CMakeFiles/pango_python.dir/components/pango_python/src/pypangolin/glsl.cpp.o[0m
[ 82%] [32mBuilding CXX object CMakeFiles/pypangolin.dir/components/pango_python/src/pypangolin/var.cpp.o[0m
[ 82%] [32mBuilding CXX object CMakeFiles/pypangolin.dir/components/pango_python/src/pypangolin/video.cpp.o[0m
[ 83%] [32mBuilding CXX object CMakeFiles/pango_python.dir/components/pango_python/src/pypangolin/handler.cpp.o[0m
[ 84%] [32mBuilding CXX object CMakeFiles/pango_python.dir/components/pango_python/src/pypangolin/opengl_render_state.cpp.o[0m
[ 84%] [32mBuilding CXX object CMakeFiles/pypangolin.dir/components/pango_python/src/pypangolin/view.cpp.o[0m
[ 85%] [32mBuilding CXX object CMakeFiles/pango_python.dir/components/pango_python/src/pypangolin/image_view.cpp.o[0m
[ 85%] [32mBuilding CXX object CMakeFiles/pango_python.dir/components/pango_python/src/pypangolin/image.cpp.o[0m
[ 85%] [32mBuilding CXX object CMakeFiles/pango_python.dir/components/pango_python/src/pypangolin/params.cpp.o[0m
[ 85%] [32mBuilding CXX object CMakeFiles/pypangolin.dir/components/pango_python/src/pypangolin/viewport.cpp.o[0m
[ 86%] [32mBuilding CXX object CMakeFiles/pango_python.dir/components/pango_python/src/pypangolin/pixel_format.cpp.o[0m
[ 86%] [32mBuilding CXX object CMakeFiles/pango_python.dir/components/pango_python/src/pypangolin/plotter.cpp.o[0m
[ 87%] [32mBuilding CXX object CMakeFiles/pango_python.dir/components/pango_python/src/pypangolin/pypangoio.cpp.o[0m
[ 88%] [32mBuilding CXX object CMakeFiles/pypangolin.dir/components/pango_python/src/pypangolin/widget.cpp.o[0m
[ 88%] [32mBuilding CXX object CMakeFiles/pypangolin.dir/components/pango_python/src/pypangolin/window.cpp.o[0m
[ 88%] [32mBuilding CXX object CMakeFiles/pango_python.dir/components/pango_python/src/pypangolin/view.cpp.o[0m
[ 89%] [32mBuilding CXX object CMakeFiles/pango_python.dir/components/pango_python/src/pypangolin/video.cpp.o[0m
[ 90%] [32mBuilding CXX object CMakeFiles/pango_python.dir/components/pango_python/src/pypangolin/viewport.cpp.o[0m
[ 90%] [32mBuilding CXX object CMakeFiles/pango_python.dir/components/pango_python/src/pypangolin/var.cpp.o[0m
[ 90%] [32mBuilding CXX object CMakeFiles/pango_python.dir/components/pango_python/src/pypangolin/widget.cpp.o[0m
[ 90%] [32mBuilding CXX object CMakeFiles/pango_python.dir/components/pango_python/src/pypangolin/window.cpp.o[0m
[ 91%] [32m[1mLinking CXX shared module pypangolin-0.9.5.data/purelib/pypangolin.cpython-310-aarch64-linux-gnu.so[0m
[ 92%] [32m[1mLinking CXX shared library libpango_python.so[0m
[ 92%] Built target pango_python
[ 93%] [32mBuilding CXX object tools/VideoJson/CMakeFiles/VideoJsonPrint.dir/main-print.cpp.o[0m
[ 95%] [32mBuilding CXX object examples/SimpleDisplay/CMakeFiles/SimpleDisplay.dir/main.cpp.o[0m
[ 95%] [32mBuilding CXX object tools/VideoConvert/CMakeFiles/VideoConvert.dir/main.cpp.o[0m
[ 95%] [32mBuilding CXX object examples/HelloPangolin/CMakeFiles/HelloPangolin.dir/main.cpp.o[0m
[ 96%] [32mBuilding CXX object tools/VideoJson/CMakeFiles/VideoJsonTransform.dir/main-transform.cpp.o[0m
[ 96%] [32mBuilding CXX object tools/VideoViewer/CMakeFiles/VideoViewer.dir/main.cpp.o[0m
[ 97%] [32mBuilding CXX object tools/Plotter/CMakeFiles/Plotter.dir/main.cpp.o[0m
[ 97%] [32m[1mLinking CXX executable HelloPangolin[0m
[ 97%] Built target HelloPangolin
[ 98%] [32mBuilding CXX object tools/ModelViewer/CMakeFiles/ModelViewer.dir/main.cpp.o[0m
[ 98%] [32m[1mLinking CXX executable VideoJsonPrint[0m
[ 98%] Built target VideoJsonPrint
[100%] [32m[1mLinking CXX executable VideoViewer[0m
[100%] [32m[1mLinking CXX executable Plotter[0m
[100%] Built target Plotter
[100%] Built target VideoViewer
[100%] [32m[1mLinking CXX executable VideoJsonTransform[0m
[100%] Built target VideoJsonTransform
[100%] [32m[1mLinking CXX executable SimpleDisplay[0m
[100%] [32m[1mLinking CXX executable VideoConvert[0m
[100%] Built target SimpleDisplay
[100%] Built target VideoConvert
[100%] [32m[1mLinking CXX executable ModelViewer[0m
[100%] Built target ModelViewer
[100%] Built target pypangolin
-- Install configuration: "Release"
-- Installing: /home/cat/TurboSLAM/install/pangolin/include
-- Installing: /home/cat/TurboSLAM/install/pangolin/include/pangolin
-- Installing: /home/cat/TurboSLAM/install/pangolin/include/pangolin/platform.h
-- Installing: /home/cat/TurboSLAM/install/pangolin/include/pangolin/factory
-- Installing: /home/cat/TurboSLAM/install/pangolin/include/pangolin/factory/factory.h
-- Installing: /home/cat/TurboSLAM/install/pangolin/include/pangolin/factory/factory_registry.h
-- Installing: /home/cat/TurboSLAM/install/pangolin/include/pangolin/factory/factory_help.h
-- Installing: /home/cat/TurboSLAM/install/pangolin/include/pangolin/pangolin.h
-- Installing: /home/cat/TurboSLAM/install/pangolin/include/pangolin/compat
-- Installing: /home/cat/TurboSLAM/install/pangolin/include/pangolin/compat/type_traits.h
-- Installing: /home/cat/TurboSLAM/install/pangolin/include/pangolin/compat/glutbitmap.h
-- Installing: /home/cat/TurboSLAM/install/pangolin/include/pangolin/utils
-- Installing: /home/cat/TurboSLAM/install/pangolin/include/pangolin/utils/file_extension.h
-- Installing: /home/cat/TurboSLAM/install/pangolin/include/pangolin/utils/memstreambuf.h
-- Installing: /home/cat/TurboSLAM/install/pangolin/include/pangolin/utils/assert.h
-- Installing: /home/cat/TurboSLAM/install/pangolin/include/pangolin/utils/timer.h
-- Installing: /home/cat/TurboSLAM/install/pangolin/include/pangolin/utils/params.h
-- Installing: /home/cat/TurboSLAM/install/pangolin/include/pangolin/utils/xml
-- Installing: /home/cat/TurboSLAM/install/pangolin/include/pangolin/utils/xml/rapidxml_iterators.hpp
-- Installing: /home/cat/TurboSLAM/install/pangolin/include/pangolin/utils/xml/license.txt
-- Installing: /home/cat/TurboSLAM/install/pangolin/include/pangolin/utils/xml/rapidxml_print.hpp
-- Installing: /home/cat/TurboSLAM/install/pangolin/include/pangolin/utils/xml/rapidxml_utils.hpp
-- Installing: /home/cat/TurboSLAM/install/pangolin/include/pangolin/utils/xml/rapidxml.hpp
-- Installing: /home/cat/TurboSLAM/install/pangolin/include/pangolin/utils/range.h
-- Installing: /home/cat/TurboSLAM/install/pangolin/include/pangolin/utils/posix
-- Installing: /home/cat/TurboSLAM/install/pangolin/include/pangolin/utils/posix/shared_memory_buffer.h
-- Installing: /home/cat/TurboSLAM/install/pangolin/include/pangolin/utils/posix/semaphore.h
-- Installing: /home/cat/TurboSLAM/install/pangolin/include/pangolin/utils/posix/condition_variable.h
-- Installing: /home/cat/TurboSLAM/install/pangolin/include/pangolin/utils/parse.h
-- Installing: /home/cat/TurboSLAM/install/pangolin/include/pangolin/utils/avx_math.h
-- Installing: /home/cat/TurboSLAM/install/pangolin/include/pangolin/utils/log.h
-- Installing: /home/cat/TurboSLAM/install/pangolin/include/pangolin/utils/argagg.hpp
-- Installing: /home/cat/TurboSLAM/install/pangolin/include/pangolin/utils/simple_math.h
-- Installing: /home/cat/TurboSLAM/install/pangolin/include/pangolin/utils/transform.h
-- Installing: /home/cat/TurboSLAM/install/pangolin/include/pangolin/utils/compontent_cast.h
-- Installing: /home/cat/TurboSLAM/install/pangolin/include/pangolin/utils/signal_slot.h
-- Installing: /home/cat/TurboSLAM/install/pangolin/include/pangolin/utils/threadedfilebuf.h
-- Installing: /home/cat/TurboSLAM/install/pangolin/include/pangolin/utils/sigstate.h
-- Installing: /home/cat/TurboSLAM/install/pangolin/include/pangolin/utils/bitmask.h
-- Installing: /home/cat/TurboSLAM/install/pangolin/include/pangolin/utils/file_utils.h
-- Installing: /home/cat/TurboSLAM/install/pangolin/include/pangolin/utils/fix_size_buffer_queue.h
-- Installing: /home/cat/TurboSLAM/install/pangolin/include/pangolin/utils/uri.h
-- Installing: /home/cat/TurboSLAM/install/pangolin/include/pangolin/utils/variadic_all.h
-- Installing: /home/cat/TurboSLAM/install/pangolin/include/pangolin/utils/format_string.h
-- Installing: /home/cat/TurboSLAM/install/pangolin/include/pangolin/utils/param_set.h
-- Installing: /home/cat/TurboSLAM/install/pangolin/include/pangolin/utils/type_convert.h
-- Installing: /home/cat/TurboSLAM/install/pangolin/include/pangolin/utils/true_false_toggle.h
-- Installing: /home/cat/TurboSLAM/install/pangolin/include/pangolin/utils/picojson.h
-- Installing: /home/cat/TurboSLAM/install/pangolin/include/pangolin/utils/is_streamable.h
-- Installing: /home/cat/TurboSLAM/install/pangolin/include/dynalo
-- Installing: /home/cat/TurboSLAM/install/pangolin/include/dynalo/symbol_helper.hpp
-- Installing: /home/cat/TurboSLAM/install/pangolin/include/dynalo/dynalo.hpp
-- Installing: /home/cat/TurboSLAM/install/pangolin/include/dynalo/detail
-- Installing: /home/cat/TurboSLAM/install/pangolin/include/dynalo/detail/linux
-- Installing: /home/cat/TurboSLAM/install/pangolin/include/dynalo/detail/linux/dynalo.hpp
-- Installing: /home/cat/TurboSLAM/install/pangolin/include/dynalo/detail/macos
-- Installing: /home/cat/TurboSLAM/install/pangolin/include/dynalo/detail/macos/dynalo.hpp
-- Installing: /home/cat/TurboSLAM/install/pangolin/include/dynalo/detail/windows
-- Installing: /home/cat/TurboSLAM/install/pangolin/include/dynalo/detail/windows/dynalo.hpp
-- Installing: /home/cat/TurboSLAM/install/pangolin/include/dynalo/detail/config.hpp
-- Installing: /home/cat/TurboSLAM/install/pangolin/include/NaturalSort
-- Installing: /home/cat/TurboSLAM/install/pangolin/include/NaturalSort/LICENSE.md
-- Installing: /home/cat/TurboSLAM/install/pangolin/include/NaturalSort/README.md
-- Installing: /home/cat/TurboSLAM/install/pangolin/include/NaturalSort/natural_sort.hpp
-- Installing: /home/cat/TurboSLAM/install/pangolin/include/sigslot
-- Installing: /home/cat/TurboSLAM/install/pangolin/include/sigslot/LICENCE
-- Installing: /home/cat/TurboSLAM/install/pangolin/include/sigslot/README.md
-- Installing: /home/cat/TurboSLAM/install/pangolin/include/sigslot/signal.hpp
-- Up-to-date: /home/cat/TurboSLAM/install/pangolin/include
-- Up-to-date: /home/cat/TurboSLAM/install/pangolin/include/pangolin
-- Installing: /home/cat/TurboSLAM/install/pangolin/include/pangolin/display
-- Installing: /home/cat/TurboSLAM/install/pangolin/include/pangolin/display/display.hpp
-- Installing: /home/cat/TurboSLAM/install/pangolin/include/pangolin/display/image_view.h
-- Installing: /home/cat/TurboSLAM/install/pangolin/include/pangolin/display/default_font.h
-- Installing: /home/cat/TurboSLAM/install/pangolin/include/pangolin/display/view.h
-- Installing: /home/cat/TurboSLAM/install/pangolin/include/pangolin/display/attach.h
-- Installing: /home/cat/TurboSLAM/install/pangolin/include/pangolin/display/widgets.h
-- Installing: /home/cat/TurboSLAM/install/pangolin/include/pangolin/display/user_app.h
-- Installing: /home/cat/TurboSLAM/install/pangolin/include/pangolin/display/display.h
-- Installing: /home/cat/TurboSLAM/install/pangolin/include/pangolin/display/process.h
-- Installing: /home/cat/TurboSLAM/install/pangolin/include/pangolin/handler
-- Installing: /home/cat/TurboSLAM/install/pangolin/include/pangolin/handler/handler_image.h
-- Installing: /home/cat/TurboSLAM/install/pangolin/include/pangolin/handler/handler.h
-- Installing: /home/cat/TurboSLAM/install/pangolin/include/pangolin/handler/handler_glbuffer.h
-- Installing: /home/cat/TurboSLAM/install/pangolin/include/pangolin/console
-- Installing: /home/cat/TurboSLAM/install/pangolin/include/pangolin/console/InterpreterInterface.h
-- Installing: /home/cat/TurboSLAM/install/pangolin/include/pangolin/console/ConsoleView.h
-- Up-to-date: /home/cat/TurboSLAM/install/pangolin/include
-- Up-to-date: /home/cat/TurboSLAM/install/pangolin/include/pangolin
-- Installing: /home/cat/TurboSLAM/install/pangolin/include/pangolin/geometry
-- Installing: /home/cat/TurboSLAM/install/pangolin/include/pangolin/geometry/geometry_obj.h
-- Installing: /home/cat/TurboSLAM/install/pangolin/include/pangolin/geometry/geometry_ply.h
-- Installing: /home/cat/TurboSLAM/install/pangolin/include/pangolin/geometry/geometry.h
-- Up-to-date: /home/cat/TurboSLAM/install/pangolin/include
-- Up-to-date: /home/cat/TurboSLAM/install/pangolin/include/pangolin
-- Up-to-date: /home/cat/TurboSLAM/install/pangolin/include/pangolin/geometry
-- Installing: /home/cat/TurboSLAM/install/pangolin/include/pangolin/geometry/glgeometry.h
-- Up-to-date: /home/cat/TurboSLAM/install/pangolin/include
-- Up-to-date: /home/cat/TurboSLAM/install/pangolin/include/pangolin
-- Installing: /home/cat/TurboSLAM/install/pangolin/include/pangolin/image
-- Installing: /home/cat/TurboSLAM/install/pangolin/include/pangolin/image/managed_image.h
-- Installing: /home/cat/TurboSLAM/install/pangolin/include/pangolin/image/memcpy.h
-- Installing: /home/cat/TurboSLAM/install/pangolin/include/pangolin/image/pixel_format.h
-- Installing: /home/cat/TurboSLAM/install/pangolin/include/pangolin/image/copy.h
-- Installing: /home/cat/TurboSLAM/install/pangolin/include/pangolin/image/shared_image.h
-- Installing: /home/cat/TurboSLAM/install/pangolin/include/pangolin/image/image_io.h
-- Installing: /home/cat/TurboSLAM/install/pangolin/include/pangolin/image/image.h
-- Installing: /home/cat/TurboSLAM/install/pangolin/include/pangolin/image/image_convert.h
-- Installing: /home/cat/TurboSLAM/install/pangolin/include/pangolin/image/typed_image.h
-- Installing: /home/cat/TurboSLAM/install/pangolin/include/pangolin/image/image_utils.h
-- Up-to-date: /home/cat/TurboSLAM/install/pangolin/include
-- Up-to-date: /home/cat/TurboSLAM/install/pangolin/include/pangolin
-- Installing: /home/cat/TurboSLAM/install/pangolin/include/pangolin/gl
-- Installing: /home/cat/TurboSLAM/install/pangolin/include/pangolin/gl/gltext.h
-- Installing: /home/cat/TurboSLAM/install/pangolin/include/pangolin/gl/glplatform.h
-- Installing: /home/cat/TurboSLAM/install/pangolin/include/pangolin/gl/glformattraits.h
-- Installing: /home/cat/TurboSLAM/install/pangolin/include/pangolin/gl/glvbo.h
-- Installing: /home/cat/TurboSLAM/install/pangolin/include/pangolin/gl/gldraw.h
-- Installing: /home/cat/TurboSLAM/install/pangolin/include/pangolin/gl/glsl.hpp
-- Installing: /home/cat/TurboSLAM/install/pangolin/include/pangolin/gl/glchar.h
-- Installing: /home/cat/TurboSLAM/install/pangolin/include/pangolin/gl/gl.hpp
-- Installing: /home/cat/TurboSLAM/install/pangolin/include/pangolin/gl/viewport.h
-- Installing: /home/cat/TurboSLAM/install/pangolin/include/pangolin/gl/opengl_render_state.h
-- Installing: /home/cat/TurboSLAM/install/pangolin/include/pangolin/gl/glstate.h
-- Installing: /home/cat/TurboSLAM/install/pangolin/include/pangolin/gl/colour.h
-- Installing: /home/cat/TurboSLAM/install/pangolin/include/pangolin/gl/cg.h
-- Installing: /home/cat/TurboSLAM/install/pangolin/include/pangolin/gl/glpangoglu.h
-- Installing: /home/cat/TurboSLAM/install/pangolin/include/pangolin/gl/glcuda.h
-- Installing: /home/cat/TurboSLAM/install/pangolin/include/pangolin/gl/gltexturecache.h
-- Installing: /home/cat/TurboSLAM/install/pangolin/include/pangolin/gl/glsl.h
-- Installing: /home/cat/TurboSLAM/install/pangolin/include/pangolin/gl/glinclude.h
-- Installing: /home/cat/TurboSLAM/install/pangolin/include/pangolin/gl/glsl_utilities.h
-- Installing: /home/cat/TurboSLAM/install/pangolin/include/pangolin/gl/compat
-- Installing: /home/cat/TurboSLAM/install/pangolin/include/pangolin/gl/compat/gl_es_compat.h
-- Installing: /home/cat/TurboSLAM/install/pangolin/include/pangolin/gl/compat/gl2engine.h
-- Installing: /home/cat/TurboSLAM/install/pangolin/include/pangolin/gl/gl.h
-- Installing: /home/cat/TurboSLAM/install/pangolin/include/pangolin/gl/glfont.h
-- Installing: /home/cat/TurboSLAM/install/pangolin/include/pangolin/gl/glpixformat.h
-- Up-to-date: /home/cat/TurboSLAM/install/pangolin/include
-- Up-to-date: /home/cat/TurboSLAM/install/pangolin/include/pangolin
-- Installing: /home/cat/TurboSLAM/install/pangolin/include/pangolin/log
-- Installing: /home/cat/TurboSLAM/install/pangolin/include/pangolin/log/packet.h
-- Installing: /home/cat/TurboSLAM/install/pangolin/include/pangolin/log/playback_session.h
-- Installing: /home/cat/TurboSLAM/install/pangolin/include/pangolin/log/packetstream.h
-- Installing: /home/cat/TurboSLAM/install/pangolin/include/pangolin/log/packetstream_reader.h
-- Installing: /home/cat/TurboSLAM/install/pangolin/include/pangolin/log/packetstream_tags.h
-- Installing: /home/cat/TurboSLAM/install/pangolin/include/pangolin/log/packetstream_writer.h
-- Installing: /home/cat/TurboSLAM/install/pangolin/include/pangolin/log/sync_time.h
-- Installing: /home/cat/TurboSLAM/install/pangolin/include/pangolin/log/packetstream_source.h
-- Up-to-date: /home/cat/TurboSLAM/install/pangolin/include
-- Up-to-date: /home/cat/TurboSLAM/install/pangolin/include/pangolin
-- Installing: /home/cat/TurboSLAM/install/pangolin/include/pangolin/plot
-- Installing: /home/cat/TurboSLAM/install/pangolin/include/pangolin/plot/plotter.h
-- Installing: /home/cat/TurboSLAM/install/pangolin/include/pangolin/plot/loaders
-- Installing: /home/cat/TurboSLAM/install/pangolin/include/pangolin/plot/loaders/table_loader.h
-- Installing: /home/cat/TurboSLAM/install/pangolin/include/pangolin/plot/loaders/csv_table_loader.h
-- Installing: /home/cat/TurboSLAM/install/pangolin/include/pangolin/plot/datalog.h
-- Up-to-date: /home/cat/TurboSLAM/install/pangolin/include
-- Up-to-date: /home/cat/TurboSLAM/install/pangolin/include/pangolin
-- Installing: /home/cat/TurboSLAM/install/pangolin/include/pangolin/python
-- Installing: /home/cat/TurboSLAM/install/pangolin/include/pangolin/python/pyinterpreter.h
-- Up-to-date: /home/cat/TurboSLAM/install/pangolin/include
-- Up-to-date: /home/cat/TurboSLAM/install/pangolin/include/pangolin
-- Installing: /home/cat/TurboSLAM/install/pangolin/include/pangolin/scene
-- Installing: /home/cat/TurboSLAM/install/pangolin/include/pangolin/scene/axis.h
-- Installing: /home/cat/TurboSLAM/install/pangolin/include/pangolin/scene/interactive_index.h
-- Installing: /home/cat/TurboSLAM/install/pangolin/include/pangolin/scene/scenehandler.h
-- Installing: /home/cat/TurboSLAM/install/pangolin/include/pangolin/scene/interactive.h
-- Installing: /home/cat/TurboSLAM/install/pangolin/include/pangolin/scene/renderable.h
-- Installing: /home/cat/TurboSLAM/install/pangolin/include/pangolin/scene/tree.h
-- Up-to-date: /home/cat/TurboSLAM/install/pangolin/include
-- Up-to-date: /home/cat/TurboSLAM/install/pangolin/include/pangolin
-- Installing: /home/cat/TurboSLAM/install/pangolin/include/pangolin/tools
-- Installing: /home/cat/TurboSLAM/install/pangolin/include/pangolin/tools/video_viewer.h
-- Up-to-date: /home/cat/TurboSLAM/install/pangolin/include
-- Up-to-date: /home/cat/TurboSLAM/install/pangolin/include/pangolin
-- Installing: /home/cat/TurboSLAM/install/pangolin/include/pangolin/var
-- Installing: /home/cat/TurboSLAM/install/pangolin/include/pangolin/var/varvaluegeneric.h
-- Installing: /home/cat/TurboSLAM/install/pangolin/include/pangolin/var/var.h
-- Installing: /home/cat/TurboSLAM/install/pangolin/include/pangolin/var/varinit.h
-- Installing: /home/cat/TurboSLAM/install/pangolin/include/pangolin/var/varvaluet.h
-- Installing: /home/cat/TurboSLAM/install/pangolin/include/pangolin/var/varextra.h
-- Installing: /home/cat/TurboSLAM/install/pangolin/include/pangolin/var/varvalue.h
-- Installing: /home/cat/TurboSLAM/install/pangolin/include/pangolin/var/varwrapper.h
-- Installing: /home/cat/TurboSLAM/install/pangolin/include/pangolin/var/varstate.h
-- Up-to-date: /home/cat/TurboSLAM/install/pangolin/include
-- Up-to-date: /home/cat/TurboSLAM/install/pangolin/include/pangolin
-- Installing: /home/cat/TurboSLAM/install/pangolin/include/pangolin/video
-- Installing: /home/cat/TurboSLAM/install/pangolin/include/pangolin/video/iostream_operators.h
-- Installing: /home/cat/TurboSLAM/install/pangolin/include/pangolin/video/stream_encoder_factory.h
-- Installing: /home/cat/TurboSLAM/install/pangolin/include/pangolin/video/video_output.h
-- Installing: /home/cat/TurboSLAM/install/pangolin/include/pangolin/video/video_input.h
-- Installing: /home/cat/TurboSLAM/install/pangolin/include/pangolin/video/video_exception.h
-- Installing: /home/cat/TurboSLAM/install/pangolin/include/pangolin/video/video_help.h
-- Installing: /home/cat/TurboSLAM/install/pangolin/include/pangolin/video/video_record_repeat.h
-- Installing: /home/cat/TurboSLAM/install/pangolin/include/pangolin/video/video_output_interface.h
-- Installing: /home/cat/TurboSLAM/install/pangolin/include/pangolin/video/stream_info.h
-- Installing: /home/cat/TurboSLAM/install/pangolin/include/pangolin/video/drivers
-- Installing: /home/cat/TurboSLAM/install/pangolin/include/pangolin/video/drivers/pleora.h
-- Installing: /home/cat/TurboSLAM/install/pangolin/include/pangolin/video/drivers/ffmpeg_convert.h
-- Installing: /home/cat/TurboSLAM/install/pangolin/include/pangolin/video/drivers/openni2.h
-- Installing: /home/cat/TurboSLAM/install/pangolin/include/pangolin/video/drivers/ffmpeg.h
-- Installing: /home/cat/TurboSLAM/install/pangolin/include/pangolin/video/drivers/pango.h
-- Installing: /home/cat/TurboSLAM/install/pangolin/include/pangolin/video/drivers/pack.h
-- Installing: /home/cat/TurboSLAM/install/pangolin/include/pangolin/video/drivers/ffmpeg_common.h
-- Installing: /home/cat/TurboSLAM/install/pangolin/include/pangolin/video/drivers/unpack.h
-- Installing: /home/cat/TurboSLAM/install/pangolin/include/pangolin/video/drivers/depthsense.h
-- Installing: /home/cat/TurboSLAM/install/pangolin/include/pangolin/video/drivers/gamma.h
-- Installing: /home/cat/TurboSLAM/install/pangolin/include/pangolin/video/drivers/join.h
-- Installing: /home/cat/TurboSLAM/install/pangolin/include/pangolin/video/drivers/openni_common.h
-- Installing: /home/cat/TurboSLAM/install/pangolin/include/pangolin/video/drivers/thread.h
-- Installing: /home/cat/TurboSLAM/install/pangolin/include/pangolin/video/drivers/test.h
-- Installing: /home/cat/TurboSLAM/install/pangolin/include/pangolin/video/drivers/transform.h
-- Installing: /home/cat/TurboSLAM/install/pangolin/include/pangolin/video/drivers/uvc.h
-- Installing: /home/cat/TurboSLAM/install/pangolin/include/pangolin/video/drivers/shift.h
-- Installing: /home/cat/TurboSLAM/install/pangolin/include/pangolin/video/drivers/ffmpeg_output.h
-- Installing: /home/cat/TurboSLAM/install/pangolin/include/pangolin/video/drivers/realsense2.h
-- Installing: /home/cat/TurboSLAM/install/pangolin/include/pangolin/video/drivers/firewire.h
-- Installing: /home/cat/TurboSLAM/install/pangolin/include/pangolin/video/drivers/uvc_mediafoundation.h
-- Installing: /home/cat/TurboSLAM/install/pangolin/include/pangolin/video/drivers/openni.h
-- Installing: /home/cat/TurboSLAM/install/pangolin/include/pangolin/video/drivers/mjpeg.h
-- Installing: /home/cat/TurboSLAM/install/pangolin/include/pangolin/video/drivers/v4l.h
-- Installing: /home/cat/TurboSLAM/install/pangolin/include/pangolin/video/drivers/teli.h
-- Installing: /home/cat/TurboSLAM/install/pangolin/include/pangolin/video/drivers/deinterlace.h
-- Installing: /home/cat/TurboSLAM/install/pangolin/include/pangolin/video/drivers/split.h
-- Installing: /home/cat/TurboSLAM/install/pangolin/include/pangolin/video/drivers/images_out.h
-- Installing: /home/cat/TurboSLAM/install/pangolin/include/pangolin/video/drivers/pango_video_output.h
-- Installing: /home/cat/TurboSLAM/install/pangolin/include/pangolin/video/drivers/images.h
-- Installing: /home/cat/TurboSLAM/install/pangolin/include/pangolin/video/drivers/debayer.h
-- Installing: /home/cat/TurboSLAM/install/pangolin/include/pangolin/video/drivers/merge.h
-- Installing: /home/cat/TurboSLAM/install/pangolin/include/pangolin/video/drivers/shared_memory.h
-- Installing: /home/cat/TurboSLAM/install/pangolin/include/pangolin/video/drivers/realsense.h
-- Installing: /home/cat/TurboSLAM/install/pangolin/include/pangolin/video/drivers/truncate.h
-- Installing: /home/cat/TurboSLAM/install/pangolin/include/pangolin/video/video.h
-- Installing: /home/cat/TurboSLAM/install/pangolin/include/pangolin/video/video_interface.h
-- Up-to-date: /home/cat/TurboSLAM/install/pangolin/include
-- Up-to-date: /home/cat/TurboSLAM/install/pangolin/include/pangolin
-- Up-to-date: /home/cat/TurboSLAM/install/pangolin/include/pangolin/factory
-- Installing: /home/cat/TurboSLAM/install/pangolin/include/pangolin/factory/RegisterFactoriesVideoOutputInterface.h
-- Installing: /home/cat/TurboSLAM/install/pangolin/include/pangolin/factory/RegisterFactoriesVideoInterface.h
-- Installing: /home/cat/TurboSLAM/install/pangolin/include/pangolin/factory/RegisterFactoriesWindowInterface.h
-- Up-to-date: /home/cat/TurboSLAM/install/pangolin/include
-- Up-to-date: /home/cat/TurboSLAM/install/pangolin/include/pangolin
-- Installing: /home/cat/TurboSLAM/install/pangolin/include/pangolin/windowing
-- Installing: /home/cat/TurboSLAM/install/pangolin/include/pangolin/windowing/PangolinNSApplication.h
-- Installing: /home/cat/TurboSLAM/install/pangolin/include/pangolin/windowing/X11Window.h
-- Installing: /home/cat/TurboSLAM/install/pangolin/include/pangolin/windowing/handler_enums.h
-- Installing: /home/cat/TurboSLAM/install/pangolin/include/pangolin/windowing/display_android.h
-- Installing: /home/cat/TurboSLAM/install/pangolin/include/pangolin/windowing/handler_bitsets.h
-- Installing: /home/cat/TurboSLAM/install/pangolin/include/pangolin/windowing/WinWindow.h
-- Installing: /home/cat/TurboSLAM/install/pangolin/include/pangolin/windowing/OsxWindow.h
-- Installing: /home/cat/TurboSLAM/install/pangolin/include/pangolin/windowing/window.h
-- Installing: /home/cat/TurboSLAM/install/pangolin/include/pangolin/windowing/EmscriptenWindow.h
-- Installing: /home/cat/TurboSLAM/install/pangolin/include/pangolin/windowing/PangolinNSGLView.h
-- Up-to-date: /home/cat/TurboSLAM/install/pangolin/include
-- Up-to-date: /home/cat/TurboSLAM/install/pangolin/include/pangolin
-- Up-to-date: /home/cat/TurboSLAM/install/pangolin/include/pangolin/factory
-- Up-to-date: /home/cat/TurboSLAM/install/pangolin/include/pangolin/factory/RegisterFactoriesVideoOutputInterface.h
-- Up-to-date: /home/cat/TurboSLAM/install/pangolin/include/pangolin/factory/RegisterFactoriesVideoInterface.h
-- Up-to-date: /home/cat/TurboSLAM/install/pangolin/include/pangolin/factory/RegisterFactoriesWindowInterface.h
-- Up-to-date: /home/cat/TurboSLAM/install/pangolin/include
-- Installing: /home/cat/TurboSLAM/install/pangolin/include/tinyobj
-- Installing: /home/cat/TurboSLAM/install/pangolin/include/tinyobj/tiny_obj_loader.h
-- Installing: /home/cat/TurboSLAM/install/pangolin/lib/libpango_core.so.0.9.5
-- Installing: /home/cat/TurboSLAM/install/pangolin/lib/libpango_core.so.0
-- Installing: /home/cat/TurboSLAM/install/pangolin/lib/libpango_core.so
-- Installing: /home/cat/TurboSLAM/install/pangolin/lib/libpango_display.so.0.9.5
-- Installing: /home/cat/TurboSLAM/install/pangolin/lib/libpango_display.so.0
-- Set runtime path of "/home/cat/TurboSLAM/install/pangolin/lib/libpango_display.so.0.9.5" to ""
-- Installing: /home/cat/TurboSLAM/install/pangolin/lib/libpango_display.so
-- Installing: /home/cat/TurboSLAM/install/pangolin/lib/libpango_geometry.so.0.9.5
-- Installing: /home/cat/TurboSLAM/install/pangolin/lib/libpango_geometry.so.0
-- Set runtime path of "/home/cat/TurboSLAM/install/pangolin/lib/libpango_geometry.so.0.9.5" to ""
-- Installing: /home/cat/TurboSLAM/install/pangolin/lib/libpango_geometry.so
-- Installing: /home/cat/TurboSLAM/install/pangolin/lib/libpango_glgeometry.so.0.9.5
-- Installing: /home/cat/TurboSLAM/install/pangolin/lib/libpango_glgeometry.so.0
-- Set runtime path of "/home/cat/TurboSLAM/install/pangolin/lib/libpango_glgeometry.so.0.9.5" to ""
-- Installing: /home/cat/TurboSLAM/install/pangolin/lib/libpango_glgeometry.so
-- Installing: /home/cat/TurboSLAM/install/pangolin/lib/libpango_image.so.0.9.5
-- Installing: /home/cat/TurboSLAM/install/pangolin/lib/libpango_image.so.0
-- Set runtime path of "/home/cat/TurboSLAM/install/pangolin/lib/libpango_image.so.0.9.5" to ""
-- Installing: /home/cat/TurboSLAM/install/pangolin/lib/libpango_image.so
-- Installing: /home/cat/TurboSLAM/install/pangolin/lib/libpango_opengl.so.0.9.5
-- Installing: /home/cat/TurboSLAM/install/pangolin/lib/libpango_opengl.so.0
-- Set runtime path of "/home/cat/TurboSLAM/install/pangolin/lib/libpango_opengl.so.0.9.5" to ""
-- Installing: /home/cat/TurboSLAM/install/pangolin/lib/libpango_opengl.so
-- Installing: /home/cat/TurboSLAM/install/pangolin/lib/libpango_packetstream.so.0.9.5
-- Installing: /home/cat/TurboSLAM/install/pangolin/lib/libpango_packetstream.so.0
-- Set runtime path of "/home/cat/TurboSLAM/install/pangolin/lib/libpango_packetstream.so.0.9.5" to ""
-- Installing: /home/cat/TurboSLAM/install/pangolin/lib/libpango_packetstream.so
-- Installing: /home/cat/TurboSLAM/install/pangolin/lib/libpango_plot.so.0.9.5
-- Installing: /home/cat/TurboSLAM/install/pangolin/lib/libpango_plot.so.0
-- Set runtime path of "/home/cat/TurboSLAM/install/pangolin/lib/libpango_plot.so.0.9.5" to ""
-- Installing: /home/cat/TurboSLAM/install/pangolin/lib/libpango_plot.so
-- Installing: /home/cat/TurboSLAM/install/pangolin/lib/libpango_python.so.0.9.5
-- Installing: /home/cat/TurboSLAM/install/pangolin/lib/libpango_python.so.0
-- Set runtime path of "/home/cat/TurboSLAM/install/pangolin/lib/libpango_python.so.0.9.5" to ""
-- Installing: /home/cat/TurboSLAM/install/pangolin/lib/libpango_python.so
-- Installing: /home/cat/TurboSLAM/install/pangolin/lib/libpango_scene.so.0.9.5
-- Installing: /home/cat/TurboSLAM/install/pangolin/lib/libpango_scene.so.0
-- Set runtime path of "/home/cat/TurboSLAM/install/pangolin/lib/libpango_scene.so.0.9.5" to ""
-- Installing: /home/cat/TurboSLAM/install/pangolin/lib/libpango_scene.so
-- Installing: /home/cat/TurboSLAM/install/pangolin/lib/libpango_tools.so.0.9.5
-- Installing: /home/cat/TurboSLAM/install/pangolin/lib/libpango_tools.so.0
-- Set runtime path of "/home/cat/TurboSLAM/install/pangolin/lib/libpango_tools.so.0.9.5" to ""
-- Installing: /home/cat/TurboSLAM/install/pangolin/lib/libpango_tools.so
-- Installing: /home/cat/TurboSLAM/install/pangolin/lib/libpango_vars.so.0.9.5
-- Installing: /home/cat/TurboSLAM/install/pangolin/lib/libpango_vars.so.0
-- Set runtime path of "/home/cat/TurboSLAM/install/pangolin/lib/libpango_vars.so.0.9.5" to ""
-- Installing: /home/cat/TurboSLAM/install/pangolin/lib/libpango_vars.so
-- Installing: /home/cat/TurboSLAM/install/pangolin/lib/libpango_video.so.0.9.5
-- Installing: /home/cat/TurboSLAM/install/pangolin/lib/libpango_video.so.0
-- Set runtime path of "/home/cat/TurboSLAM/install/pangolin/lib/libpango_video.so.0.9.5" to ""
-- Installing: /home/cat/TurboSLAM/install/pangolin/lib/libpango_video.so
-- Installing: /home/cat/TurboSLAM/install/pangolin/lib/libpango_windowing.so.0.9.5
-- Installing: /home/cat/TurboSLAM/install/pangolin/lib/libpango_windowing.so.0
-- Set runtime path of "/home/cat/TurboSLAM/install/pangolin/lib/libpango_windowing.so.0.9.5" to ""
-- Installing: /home/cat/TurboSLAM/install/pangolin/lib/libpango_windowing.so
-- Installing: /home/cat/TurboSLAM/install/pangolin/lib/libtinyobj.so.0.9.5
-- Installing: /home/cat/TurboSLAM/install/pangolin/lib/libtinyobj.so.0
-- Installing: /home/cat/TurboSLAM/install/pangolin/lib/libtinyobj.so
-- Installing: /home/cat/TurboSLAM/install/pangolin/lib/cmake/Pangolin/PangolinConfig.cmake
-- Installing: /home/cat/TurboSLAM/install/pangolin/lib/cmake/Pangolin/PangolinConfigVersion.cmake
-- Installing: /home/cat/TurboSLAM/install/pangolin/lib/cmake/Pangolin/PangolinTargets.cmake
-- Installing: /home/cat/TurboSLAM/install/pangolin/lib/cmake/Pangolin/PangolinTargets-release.cmake
-- Installing: /home/cat/TurboSLAM/install/pangolin/bin/VideoConvert
-- Set runtime path of "/home/cat/TurboSLAM/install/pangolin/bin/VideoConvert" to ""
-- Installing: /home/cat/TurboSLAM/install/pangolin/bin/VideoJsonPrint
-- Set runtime path of "/home/cat/TurboSLAM/install/pangolin/bin/VideoJsonPrint" to ""
-- Installing: /home/cat/TurboSLAM/install/pangolin/bin/VideoJsonTransform
-- Set runtime path of "/home/cat/TurboSLAM/install/pangolin/bin/VideoJsonTransform" to ""
-- Installing: /home/cat/TurboSLAM/install/pangolin/bin/Plotter
-- Set runtime path of "/home/cat/TurboSLAM/install/pangolin/bin/Plotter" to ""
-- Installing: /home/cat/TurboSLAM/install/pangolin/bin/VideoViewer
-- Set runtime path of "/home/cat/TurboSLAM/install/pangolin/bin/VideoViewer" to ""
