[0.032s] Invoking command in '/home/cat/TurboSLAM/build/fast_lio': AMENT_PREFIX_PATH=/home/cat/TurboSLAM/install/livox_ros_driver2:${AMENT_PREFIX_PATH} CMAKE_PREFIX_PATH=/home/cat/TurboSLAM/install/livox_ros_driver2:/opt/ros/humble LD_LIBRARY_PATH=/home/cat/TurboSLAM/install/livox_ros_driver2/lib:${LD_LIBRARY_PATH} PYTHONPATH=/home/cat/TurboSLAM/install/livox_ros_driver2/local/lib/python3.10/dist-packages:${PYTHONPATH} /usr/bin/cmake /home/cat/TurboSLAM/src/FAST_LIO -DDISTRO_ROS=humble -DCMAKE_CXX_FLAGS=-Wno-unknown-pragmas -DCMAKE_INSTALL_PREFIX=/home/cat/TurboSLAM/install/fast_lio
[0.294s] -- The C compiler identification is GNU 11.4.0
[0.566s] -- The CXX compiler identification is GNU 11.4.0
[0.594s] -- Detecting C compiler ABI info
[0.907s] -- Detecting C compiler ABI info - done
[0.946s] -- Check for working C compiler: /usr/bin/cc - skipped
[0.946s] -- Detecting C compile features
[0.948s] -- Detecting C compile features - done
[0.962s] -- Detecting CXX compiler ABI info
[1.319s] -- Detecting CXX compiler ABI info - done
[1.359s] -- Check for working CXX compiler: /usr/bin/c++ - skipped
[1.360s] -- Detecting CXX compile features
[1.362s] -- Detecting CXX compile features - done
[1.365s] [0mCurrent CPU archtecture: aarch64[0m
[3.019s] -- Found PythonLibs: /usr/lib/aarch64-linux-gnu/libpython3.10.so (found version "3.10.12") 
[3.028s] -- Found ament_cmake: 1.3.14 (/opt/ros/humble/share/ament_cmake/cmake)
[3.830s] -- Found Python3: /usr/bin/python3 (found version "3.10.12") found components: Interpreter 
[4.269s] -- Found rclcpp: 16.0.19 (/opt/ros/humble/share/rclcpp/cmake)
[4.416s] -- Found rosidl_generator_c: 3.1.9 (/opt/ros/humble/share/rosidl_generator_c/cmake)
[4.438s] -- Found rosidl_adapter: 3.1.9 (/opt/ros/humble/share/rosidl_adapter/cmake)
[4.477s] -- Found rosidl_generator_cpp: 3.1.9 (/opt/ros/humble/share/rosidl_generator_cpp/cmake)
[4.537s] -- Using all available rosidl_typesupport_c: rosidl_typesupport_fastrtps_c;rosidl_typesupport_introspection_c
[4.618s] -- Using all available rosidl_typesupport_cpp: rosidl_typesupport_fastrtps_cpp;rosidl_typesupport_introspection_cpp
[4.829s] -- Found rmw_implementation_cmake: 6.1.3 (/opt/ros/humble/share/rmw_implementation_cmake/cmake)
[4.839s] -- Found rmw_fastrtps_cpp: 6.2.10 (/opt/ros/humble/share/rmw_fastrtps_cpp/cmake)
[5.197s] -- Found OpenSSL: /usr/lib/aarch64-linux-gnu/libcrypto.so (found version "3.0.2")  
[5.316s] -- Found FastRTPS: /opt/ros/humble/include  
[5.492s] -- Using RMW implementation 'rmw_fastrtps_cpp' as default
[5.527s] -- Looking for pthread.h
[5.863s] -- Looking for pthread.h - found
[5.864s] -- Performing Test CMAKE_HAVE_LIBC_PTHREAD
[6.208s] -- Performing Test CMAKE_HAVE_LIBC_PTHREAD - Success
[6.213s] -- Found Threads: TRUE  
[6.496s] -- Found rclcpp_components: 16.0.19 (/opt/ros/humble/share/rclcpp_components/cmake)
[6.626s] -- Found geometry_msgs: 4.9.2 (/opt/ros/humble/share/geometry_msgs/cmake)
[6.705s] -- Found nav_msgs: 4.9.2 (/opt/ros/humble/share/nav_msgs/cmake)
[6.820s] -- Found sensor_msgs: 4.9.2 (/opt/ros/humble/share/sensor_msgs/cmake)
[6.924s] -- Found std_srvs: 4.9.2 (/opt/ros/humble/share/std_srvs/cmake)
[6.992s] -- Found visualization_msgs: 4.9.2 (/opt/ros/humble/share/visualization_msgs/cmake)
[7.127s] -- Found pcl_ros: 2.4.5 (/opt/ros/humble/share/pcl_ros/cmake)
[7.329s] -- Checking for module 'eigen3'
[7.383s] --   Found eigen3, version 3.4.0
[7.518s] -- Found Eigen: /usr/include/eigen3 (Required is at least version "3.1") 
[7.519s] -- Eigen found (include: /usr/include/eigen3, version: 3.4.0)
[7.657s] -- Checking for module 'flann'
[7.711s] --   Found flann, version 1.9.1
[7.880s] -- Found FLANN: /usr/lib/aarch64-linux-gnu/libflann_cpp.so  
[7.881s] -- FLANN found (include: /usr/include, lib: /usr/lib/aarch64-linux-gnu/libflann_cpp.so)
[12.241s] -- Checking for module 'libusb-1.0'
[12.301s] --   Found libusb-1.0, version 1.0.25
[12.454s] -- Found libusb: /usr/lib/aarch64-linux-gnu/libusb-1.0.so  
[12.459s] -- OpenNI found (version: 1.5.4.0, include: /usr/include/ni, lib: /usr/lib/libOpenNI.so;libusb::libusb)
[12.695s] -- OpenNI2 found (version: 2.2.0.33, include: /usr/include/openni2, lib: /usr/lib/aarch64-linux-gnu/libOpenNI2.so;libusb::libusb)
[13.460s] -- Eigen found (include: /usr/include/eigen3, version: 3.4.0)
[13.488s] -- OpenNI found (version: 1.5.4.0, include: /usr/include/ni, lib: /usr/lib/libOpenNI.so;libusb::libusb)
[13.516s] -- OpenNI2 found (version: 2.2.0.33, include: /usr/include/openni2, lib: /usr/lib/aarch64-linux-gnu/libOpenNI2.so;libusb::libusb)
[14.141s] -- Found Qhull version 8.0.2
[14.789s] -- OpenNI found (version: 1.5.4.0, include: /usr/include/ni, lib: /usr/lib/libOpenNI.so;libusb::libusb)
[15.526s] -- Found PCL_COMMON: /usr/lib/aarch64-linux-gnu/libpcl_common.so  
[15.532s] -- Found PCL_KDTREE: /usr/lib/aarch64-linux-gnu/libpcl_kdtree.so  
[15.538s] -- Found PCL_OCTREE: /usr/lib/aarch64-linux-gnu/libpcl_octree.so  
[15.544s] -- Found PCL_SEARCH: /usr/lib/aarch64-linux-gnu/libpcl_search.so  
[15.550s] -- Found PCL_SAMPLE_CONSENSUS: /usr/lib/aarch64-linux-gnu/libpcl_sample_consensus.so  
[15.557s] -- Found PCL_FILTERS: /usr/lib/aarch64-linux-gnu/libpcl_filters.so  
[15.559s] -- Found PCL_2D: /usr/include/pcl-1.12  
[15.562s] -- Found PCL_GEOMETRY: /usr/include/pcl-1.12  
[15.569s] -- Found PCL_IO: /usr/lib/aarch64-linux-gnu/libpcl_io.so  
[15.575s] -- Found PCL_FEATURES: /usr/lib/aarch64-linux-gnu/libpcl_features.so  
[15.582s] -- Found PCL_ML: /usr/lib/aarch64-linux-gnu/libpcl_ml.so  
[15.588s] -- Found PCL_SEGMENTATION: /usr/lib/aarch64-linux-gnu/libpcl_segmentation.so  
[15.596s] -- Found PCL_VISUALIZATION: /usr/lib/aarch64-linux-gnu/libpcl_visualization.so  
[15.603s] -- Found PCL_SURFACE: /usr/lib/aarch64-linux-gnu/libpcl_surface.so  
[15.609s] -- Found PCL_REGISTRATION: /usr/lib/aarch64-linux-gnu/libpcl_registration.so  
[15.617s] -- Found PCL_KEYPOINTS: /usr/lib/aarch64-linux-gnu/libpcl_keypoints.so  
[15.624s] -- Found PCL_TRACKING: /usr/lib/aarch64-linux-gnu/libpcl_tracking.so  
[15.630s] -- Found PCL_RECOGNITION: /usr/lib/aarch64-linux-gnu/libpcl_recognition.so  
[15.637s] -- Found PCL_STEREO: /usr/lib/aarch64-linux-gnu/libpcl_stereo.so  
[15.644s] -- Found PCL_APPS: /usr/lib/aarch64-linux-gnu/libpcl_apps.so  
[15.648s] -- Found PCL_IN_HAND_SCANNER: /usr/include/pcl-1.12  
[15.650s] -- Found PCL_MODELER: /usr/include/pcl-1.12  
[15.653s] -- Found PCL_POINT_CLOUD_EDITOR: /usr/include/pcl-1.12  
[15.659s] -- Found PCL_OUTOFCORE: /usr/lib/aarch64-linux-gnu/libpcl_outofcore.so  
[15.666s] -- Found PCL_PEOPLE: /usr/lib/aarch64-linux-gnu/libpcl_people.so  
[15.814s] -- Found eigen3_cmake_module: 0.1.1 (/opt/ros/humble/share/eigen3_cmake_module/cmake)
[15.823s] -- Found Eigen3: TRUE (found version "3.4.0") 
[15.824s] -- Ensuring Eigen3 include directory is part of orocos-kdl CMake target
[16.268s] -- Found livox_ros_driver2: 1.0.0 (/home/cat/TurboSLAM/install/livox_ros_driver2/share/livox_ros_driver2/cmake)
[16.384s] -- Found rosidl_default_generators: 1.2.1 (/opt/ros/humble/share/rosidl_default_generators/cmake)
[16.485s] [0mEigen:/usr/include/eigen3[0m
[16.486s] -- PCL: /usr/include/pcl-1.12
[17.814s] -- Found ament_cmake_ros: 0.10.0 (/opt/ros/humble/share/ament_cmake_ros/cmake)
[19.364s] -- Using all available rosidl_typesupport_c: rosidl_typesupport_fastrtps_c;rosidl_typesupport_introspection_c
[19.762s] -- Using all available rosidl_typesupport_cpp: rosidl_typesupport_fastrtps_cpp;rosidl_typesupport_introspection_cpp
[19.810s] -- Found PythonInterp: /usr/bin/python3 (found suitable version "3.10.12", minimum required is "3.6") 
[19.815s] -- Found python_cmake_module: 0.10.0 (/opt/ros/humble/share/python_cmake_module/cmake)
[19.862s] -- Found PythonLibs: /usr/lib/aarch64-linux-gnu/libpython3.10.so (found suitable version "3.10.12", minimum required is "3.5") 
[19.862s] -- Using PYTHON_EXECUTABLE: /usr/bin/python3
[19.863s] -- Using PYTHON_INCLUDE_DIRS: /usr/include/python3.10
[19.863s] -- Using PYTHON_LIBRARIES: /usr/lib/aarch64-linux-gnu/libpython3.10.so
[19.913s] -- Found PythonExtra: .so  
[20.171s] -- Configuring done
[20.299s] -- Generating done
[20.304s] [33mCMake Warning:
[20.305s]   Manually-specified variables were not used by the project:
[20.305s] 
[20.306s]     DISTRO_ROS
[20.306s] 
[20.307s] [0m
[20.336s] -- Build files have been written to: /home/cat/TurboSLAM/build/fast_lio
[20.385s] Invoked command in '/home/cat/TurboSLAM/build/fast_lio' returned '0': AMENT_PREFIX_PATH=/home/cat/TurboSLAM/install/livox_ros_driver2:${AMENT_PREFIX_PATH} CMAKE_PREFIX_PATH=/home/cat/TurboSLAM/install/livox_ros_driver2:/opt/ros/humble LD_LIBRARY_PATH=/home/cat/TurboSLAM/install/livox_ros_driver2/lib:${LD_LIBRARY_PATH} PYTHONPATH=/home/cat/TurboSLAM/install/livox_ros_driver2/local/lib/python3.10/dist-packages:${PYTHONPATH} /usr/bin/cmake /home/cat/TurboSLAM/src/FAST_LIO -DDISTRO_ROS=humble -DCMAKE_CXX_FLAGS=-Wno-unknown-pragmas -DCMAKE_INSTALL_PREFIX=/home/cat/TurboSLAM/install/fast_lio
[20.395s] Invoking command in '/home/cat/TurboSLAM/build/fast_lio': AMENT_PREFIX_PATH=/home/cat/TurboSLAM/install/livox_ros_driver2:${AMENT_PREFIX_PATH} CMAKE_PREFIX_PATH=/home/cat/TurboSLAM/install/livox_ros_driver2:/opt/ros/humble LD_LIBRARY_PATH=/home/cat/TurboSLAM/install/livox_ros_driver2/lib:${LD_LIBRARY_PATH} PYTHONPATH=/home/cat/TurboSLAM/install/livox_ros_driver2/local/lib/python3.10/dist-packages:${PYTHONPATH} /usr/bin/cmake --build /home/cat/TurboSLAM/build/fast_lio -- -j8 -l8
[20.519s] [  2%] [34m[1mGenerating C code for ROS interfaces[0m
[20.520s] [  5%] [34m[1mGenerating Rust code for ROS interfaces[0m
[20.553s] [  5%] Built target ament_cmake_python_copy_fast_lio
[20.555s] [  8%] [34m[1mGenerating C++ code for ROS interfaces[0m
[20.968s] running egg_info
[20.969s] creating fast_lio.egg-info
[20.970s] writing fast_lio.egg-info/PKG-INFO
[20.970s] writing dependency_links to fast_lio.egg-info/dependency_links.txt
[20.971s] writing top-level names to fast_lio.egg-info/top_level.txt
[20.971s] writing manifest file 'fast_lio.egg-info/SOURCES.txt'
[20.974s] reading manifest file 'fast_lio.egg-info/SOURCES.txt'
[20.974s] writing manifest file 'fast_lio.egg-info/SOURCES.txt'
[21.066s] [  8%] Built target ament_cmake_python_build_fast_lio_egg
[21.104s] [ 11%] [32mBuilding C object CMakeFiles/fast_lio__rosidl_generator_c.dir/rosidl_generator_c/fast_lio/msg/detail/pose6_d__functions.c.o[0m
[21.353s] [ 11%] Built target fast_lio__rs
[21.410s] [ 11%] Built target fast_lio__cpp
[21.426s] [ 13%] [34m[1mGenerating C++ type support for eProsima Fast-RTPS[0m
[21.442s] [ 19%] [34m[1mGenerating C++ introspection for ROS interfaces[0m
[21.442s] [ 19%] [34m[1mGenerating C++ type support dispatch for ROS interfaces[0m
[21.444s] [ 22%] [32m[1mLinking C shared library libfast_lio__rosidl_generator_c.so[0m
[21.600s] [ 22%] Built target fast_lio__rosidl_generator_c
[21.637s] [ 27%] [34m[1mGenerating C introspection for ROS interfaces[0m
[21.637s] [ 27%] [34m[1mGenerating C type support for eProsima Fast-RTPS[0m
[22.004s] [ 30%] [32mBuilding CXX object CMakeFiles/fast_lio__rosidl_typesupport_introspection_cpp.dir/rosidl_typesupport_introspection_cpp/fast_lio/msg/detail/pose6_d__type_support.cpp.o[0m
[22.017s] [ 33%] [32mBuilding CXX object CMakeFiles/fast_lio__rosidl_typesupport_fastrtps_cpp.dir/rosidl_typesupport_fastrtps_cpp/fast_lio/msg/detail/dds_fastrtps/pose6_d__type_support.cpp.o[0m
[22.259s] [ 36%] [32mBuilding CXX object CMakeFiles/fast_lio__rosidl_typesupport_cpp.dir/rosidl_typesupport_cpp/fast_lio/msg/pose6_d__type_support.cpp.o[0m
[22.379s] [ 38%] [32mBuilding CXX object CMakeFiles/fast_lio__rosidl_typesupport_fastrtps_c.dir/rosidl_typesupport_fastrtps_c/fast_lio/msg/detail/pose6_d__type_support_c.cpp.o[0m
[22.779s] [ 41%] [32m[1mLinking CXX shared library libfast_lio__rosidl_typesupport_fastrtps_cpp.so[0m
[22.851s] [ 44%] [32m[1mLinking CXX shared library libfast_lio__rosidl_typesupport_introspection_cpp.so[0m
[23.011s] [ 47%] [32m[1mLinking CXX shared library libfast_lio__rosidl_typesupport_cpp.so[0m
[23.011s] [ 47%] Built target fast_lio__rosidl_typesupport_fastrtps_cpp
[23.012s] [ 47%] Built target fast_lio__rosidl_typesupport_introspection_cpp
[23.029s] [ 50%] [34m[1mGenerating C type support dispatch for ROS interfaces[0m
[23.138s] [ 50%] Built target fast_lio__rosidl_typesupport_cpp
[23.171s] [ 52%] [32mBuilding C object CMakeFiles/fast_lio__rosidl_typesupport_introspection_c.dir/rosidl_typesupport_introspection_c/fast_lio/msg/detail/pose6_d__type_support.c.o[0m
[23.216s] [ 55%] [32m[1mLinking CXX shared library libfast_lio__rosidl_typesupport_fastrtps_c.so[0m
[23.218s] [ 63%] [32mBuilding CXX object CMakeFiles/fastlio_mapping.dir/include/ikd-Tree/ikd_Tree.cpp.o[0m
[23.218s] [ 63%] [32mBuilding CXX object CMakeFiles/fastlio_mapping.dir/src/laserMapping.cpp.o[0m
[23.219s] [ 63%] [32mBuilding CXX object CMakeFiles/fastlio_mapping.dir/src/preprocess.cpp.o[0m
[23.296s] [ 66%] [32m[1mLinking C shared library libfast_lio__rosidl_typesupport_introspection_c.so[0m
[23.415s] [ 66%] Built target fast_lio__rosidl_typesupport_introspection_c
[23.549s] [ 69%] [32mBuilding CXX object CMakeFiles/fast_lio__rosidl_typesupport_c.dir/rosidl_typesupport_c/fast_lio/msg/pose6_d__type_support.cpp.o[0m
[23.629s] [ 69%] Built target fast_lio__rosidl_typesupport_fastrtps_c
[23.649s] [ 72%] [32m[1mLinking CXX shared library libfast_lio__rosidl_typesupport_c.so[0m
[23.800s] [ 72%] Built target fast_lio__rosidl_typesupport_c
[23.875s] [ 72%] Built target fast_lio
[23.952s] [ 75%] [34m[1mGenerating Python code for ROS interfaces[0m
[24.694s] [ 75%] Built target fast_lio__py
[24.771s] [ 77%] [32mBuilding C object CMakeFiles/fast_lio__rosidl_generator_py.dir/rosidl_generator_py/fast_lio/msg/_pose6_d_s.c.o[0m
[25.523s] [ 80%] [32m[1mLinking C shared library rosidl_generator_py/fast_lio/libfast_lio__rosidl_generator_py.so[0m
[25.663s] [ 80%] Built target fast_lio__rosidl_generator_py
[25.735s] [ 83%] [32mBuilding C object CMakeFiles/fast_lio__rosidl_typesupport_c__pyext.dir/rosidl_generator_py/fast_lio/_fast_lio_s.ep.rosidl_typesupport_c.c.o[0m
[25.736s] [ 88%] [32mBuilding C object CMakeFiles/fast_lio__rosidl_typesupport_fastrtps_c__pyext.dir/rosidl_generator_py/fast_lio/_fast_lio_s.ep.rosidl_typesupport_fastrtps_c.c.o[0m
[25.736s] [ 88%] [32mBuilding C object CMakeFiles/fast_lio__rosidl_typesupport_introspection_c__pyext.dir/rosidl_generator_py/fast_lio/_fast_lio_s.ep.rosidl_typesupport_introspection_c.c.o[0m
[25.950s] [ 91%] [32m[1mLinking C shared library rosidl_generator_py/fast_lio/fast_lio_s__rosidl_typesupport_c.cpython-310-aarch64-linux-gnu.so[0m
[25.959s] [ 94%] [32m[1mLinking C shared library rosidl_generator_py/fast_lio/fast_lio_s__rosidl_typesupport_fastrtps_c.cpython-310-aarch64-linux-gnu.so[0m
[26.048s] [ 97%] [32m[1mLinking C shared library rosidl_generator_py/fast_lio/fast_lio_s__rosidl_typesupport_introspection_c.cpython-310-aarch64-linux-gnu.so[0m
[26.094s] [ 97%] Built target fast_lio__rosidl_typesupport_c__pyext
[26.110s] [ 97%] Built target fast_lio__rosidl_typesupport_fastrtps_c__pyext
[26.177s] [ 97%] Built target fast_lio__rosidl_typesupport_introspection_c__pyext
[41.635s] In file included from [01m[K/usr/include/boost/smart_ptr/detail/sp_thread_sleep.hpp:22[m[K,
[41.635s]                  from [01m[K/usr/include/boost/smart_ptr/detail/yield_k.hpp:23[m[K,
[41.635s]                  from [01m[K/usr/include/boost/smart_ptr/detail/spinlock_gcc_atomic.hpp:14[m[K,
[41.635s]                  from [01m[K/usr/include/boost/smart_ptr/detail/spinlock.hpp:42[m[K,
[41.635s]                  from [01m[K/usr/include/boost/smart_ptr/detail/spinlock_pool.hpp:25[m[K,
[41.635s]                  from [01m[K/usr/include/boost/smart_ptr/shared_ptr.hpp:29[m[K,
[41.635s]                  from [01m[K/usr/include/boost/shared_ptr.hpp:17[m[K,
[41.635s]                  from [01m[K/usr/include/boost/date_time/microsec_time_clock.hpp:18[m[K,
[41.635s]                  from [01m[K/usr/include/boost/interprocess/detail/posix_time_types_wrk.hpp:31[m[K,
[41.635s]                  from [01m[K/usr/include/boost/interprocess/detail/os_thread_functions.hpp:36[m[K,
[41.636s]                  from [01m[K/usr/include/boost/interprocess/sync/file_lock.hpp:26[m[K,
[41.636s]                  from [01m[K/usr/include/pcl-1.12/pcl/io/pcd_io.h:46[m[K,
[41.636s]                  from [01m[K/opt/ros/humble/include/pcl_conversions/pcl_conversions/pcl_conversions.h:73[m[K,
[41.636s]                  from [01m[K/home/cat/TurboSLAM/src/FAST_LIO/src/IMU_Processing.hpp:18[m[K,
[41.636s]                  from [01m[K/home/cat/TurboSLAM/src/FAST_LIO/src/laserMapping.cpp:47[m[K:
[41.636s] [01m[K/usr/include/boost/bind.hpp:36:1:[m[K [01;36m[Knote: [m[K‘[01m[K#pragma message: The practice of declaring the Bind placeholders (_1, _2, ...) in the global namespace is deprecated. Please use <boost/bind/bind.hpp> + using namespace boost::placeholders, or define BOOST_BIND_GLOBAL_PLACEHOLDERS to retain the current behavior.[m[K’
[41.636s]    36 | [01;36m[KBOOST_PRAGMA_MESSAGE[m[K(
[41.636s]       | [01;36m[K^~~~~~~~~~~~~~~~~~~~[m[K
[54.906s] In file included from [01m[K/home/cat/TurboSLAM/src/FAST_LIO/include/IKFoM_toolkit/esekfom/../mtk/types/SOn.hpp:83[m[K,
[54.906s]                  from [01m[K/home/cat/TurboSLAM/src/FAST_LIO/include/IKFoM_toolkit/esekfom/esekfom.hpp:49[m[K,
[54.906s]                  from [01m[K/home/cat/TurboSLAM/src/FAST_LIO/include/use-ikfom.hpp:4[m[K,
[54.906s]                  from [01m[K/home/cat/TurboSLAM/src/FAST_LIO/src/IMU_Processing.hpp:22[m[K,
[54.906s]                  from [01m[K/home/cat/TurboSLAM/src/FAST_LIO/src/laserMapping.cpp:47[m[K:
[54.906s] /home/cat/TurboSLAM/src/FAST_LIO/include/IKFoM_toolkit/esekfom/../mtk/types/../src/mtkmath.hpp: In instantiation of ‘[01m[Kstd::pair<_FIter, _FIter> MTK::cos_sinc_sqrt(const scalar&) [with scalar = double][m[K’:
[54.906s] [01m[K/home/cat/TurboSLAM/src/FAST_LIO/include/IKFoM_toolkit/esekfom/../mtk/types/../src/mtkmath.hpp:252:52:[m[K   required from ‘[01m[Kscalar MTK::exp(MTK::vectview<scalar, dim>, MTK::vectview<const scalar, dim>, const scalar&) [with scalar = double; int n = 3][m[K’
[54.906s] [01m[K/home/cat/TurboSLAM/src/FAST_LIO/include/IKFoM_toolkit/esekfom/../mtk/types/S2.hpp:140:32:[m[K   required from ‘[01m[Kvoid MTK::S2<_scalar, den, num, S2_typ>::boxplus(MTK::vectview<const _scalar, 2>, MTK::S2<_scalar, den, num, S2_typ>::scalar) [with _scalar = double; int den = 98090; int num = 10000; int S2_typ = 1; MTK::S2<_scalar, den, num, S2_typ>::scalar = double][m[K’
[54.906s] [01m[K/home/cat/TurboSLAM/src/FAST_LIO/include/use-ikfom.hpp:12:1:[m[K   required from here
[54.906s] [01m[K/home/cat/TurboSLAM/src/FAST_LIO/include/IKFoM_toolkit/esekfom/../mtk/types/../src/mtkmath.hpp:143:27:[m[K [01;36m[Knote: [m[Kparameter passing for argument of type ‘[01m[Kstd::pair<double, double>[m[K’ when C++17 is enabled changed to match C++14 in GCC 10.1
[54.906s]   143 | std::pair<scalar, scalar> [01;36m[Kcos_sinc_sqrt[m[K(const scalar &x2){
[54.906s]       |                           [01;36m[K^~~~~~~~~~~~~[m[K
[210.771s] [100%] [32m[1mLinking CXX executable fastlio_mapping[0m
[213.537s] [100%] Built target fastlio_mapping
[213.557s] Invoked command in '/home/cat/TurboSLAM/build/fast_lio' returned '0': AMENT_PREFIX_PATH=/home/cat/TurboSLAM/install/livox_ros_driver2:${AMENT_PREFIX_PATH} CMAKE_PREFIX_PATH=/home/cat/TurboSLAM/install/livox_ros_driver2:/opt/ros/humble LD_LIBRARY_PATH=/home/cat/TurboSLAM/install/livox_ros_driver2/lib:${LD_LIBRARY_PATH} PYTHONPATH=/home/cat/TurboSLAM/install/livox_ros_driver2/local/lib/python3.10/dist-packages:${PYTHONPATH} /usr/bin/cmake --build /home/cat/TurboSLAM/build/fast_lio -- -j8 -l8
[213.564s] Invoking command in '/home/cat/TurboSLAM/build/fast_lio': AMENT_PREFIX_PATH=/home/cat/TurboSLAM/install/livox_ros_driver2:${AMENT_PREFIX_PATH} CMAKE_PREFIX_PATH=/home/cat/TurboSLAM/install/livox_ros_driver2:/opt/ros/humble LD_LIBRARY_PATH=/home/cat/TurboSLAM/install/livox_ros_driver2/lib:${LD_LIBRARY_PATH} PYTHONPATH=/home/cat/TurboSLAM/install/livox_ros_driver2/local/lib/python3.10/dist-packages:${PYTHONPATH} /usr/bin/cmake --install /home/cat/TurboSLAM/build/fast_lio
[213.575s] -- Install configuration: "Release"
[213.576s] -- Installing: /home/cat/TurboSLAM/install/fast_lio/share/ament_index/resource_index/rosidl_interfaces/fast_lio
[213.577s] -- Installing: /home/cat/TurboSLAM/install/fast_lio/include/fast_lio/fast_lio
[213.577s] -- Installing: /home/cat/TurboSLAM/install/fast_lio/include/fast_lio/fast_lio/msg
[213.578s] -- Installing: /home/cat/TurboSLAM/install/fast_lio/include/fast_lio/fast_lio/msg/pose6_d.h
[213.578s] -- Installing: /home/cat/TurboSLAM/install/fast_lio/include/fast_lio/fast_lio/msg/rosidl_generator_c__visibility_control.h
[213.579s] -- Installing: /home/cat/TurboSLAM/install/fast_lio/include/fast_lio/fast_lio/msg/detail
[213.579s] -- Installing: /home/cat/TurboSLAM/install/fast_lio/include/fast_lio/fast_lio/msg/detail/pose6_d__struct.h
[213.580s] -- Installing: /home/cat/TurboSLAM/install/fast_lio/include/fast_lio/fast_lio/msg/detail/pose6_d__functions.c
[213.581s] -- Installing: /home/cat/TurboSLAM/install/fast_lio/include/fast_lio/fast_lio/msg/detail/pose6_d__functions.h
[213.581s] -- Installing: /home/cat/TurboSLAM/install/fast_lio/include/fast_lio/fast_lio/msg/detail/pose6_d__type_support.h
[213.582s] -- Installing: /home/cat/TurboSLAM/install/fast_lio/share/fast_lio/environment/library_path.sh
[213.582s] -- Installing: /home/cat/TurboSLAM/install/fast_lio/share/fast_lio/environment/library_path.dsv
[213.582s] -- Installing: /home/cat/TurboSLAM/install/fast_lio/lib/libfast_lio__rosidl_generator_c.so
[213.583s] -- Set runtime path of "/home/cat/TurboSLAM/install/fast_lio/lib/libfast_lio__rosidl_generator_c.so" to ""
[213.584s] -- Up-to-date: /home/cat/TurboSLAM/install/fast_lio/include/fast_lio/fast_lio
[213.584s] -- Up-to-date: /home/cat/TurboSLAM/install/fast_lio/include/fast_lio/fast_lio/msg
[213.585s] -- Up-to-date: /home/cat/TurboSLAM/install/fast_lio/include/fast_lio/fast_lio/msg/detail
[213.585s] -- Installing: /home/cat/TurboSLAM/install/fast_lio/include/fast_lio/fast_lio/msg/detail/pose6_d__rosidl_typesupport_fastrtps_c.h
[213.586s] -- Installing: /home/cat/TurboSLAM/install/fast_lio/include/fast_lio/fast_lio/msg/rosidl_typesupport_fastrtps_c__visibility_control.h
[213.586s] -- Installing: /home/cat/TurboSLAM/install/fast_lio/lib/libfast_lio__rosidl_typesupport_fastrtps_c.so
[213.586s] -- Set runtime path of "/home/cat/TurboSLAM/install/fast_lio/lib/libfast_lio__rosidl_typesupport_fastrtps_c.so" to ""
[213.587s] -- Up-to-date: /home/cat/TurboSLAM/install/fast_lio/include/fast_lio/fast_lio
[213.587s] -- Up-to-date: /home/cat/TurboSLAM/install/fast_lio/include/fast_lio/fast_lio/msg
[213.587s] -- Installing: /home/cat/TurboSLAM/install/fast_lio/include/fast_lio/fast_lio/msg/rosidl_generator_cpp__visibility_control.hpp
[213.588s] -- Installing: /home/cat/TurboSLAM/install/fast_lio/include/fast_lio/fast_lio/msg/pose6_d.hpp
[213.588s] -- Up-to-date: /home/cat/TurboSLAM/install/fast_lio/include/fast_lio/fast_lio/msg/detail
[213.588s] -- Installing: /home/cat/TurboSLAM/install/fast_lio/include/fast_lio/fast_lio/msg/detail/pose6_d__struct.hpp
[213.589s] -- Installing: /home/cat/TurboSLAM/install/fast_lio/include/fast_lio/fast_lio/msg/detail/pose6_d__traits.hpp
[213.589s] -- Installing: /home/cat/TurboSLAM/install/fast_lio/include/fast_lio/fast_lio/msg/detail/pose6_d__type_support.hpp
[213.589s] -- Installing: /home/cat/TurboSLAM/install/fast_lio/include/fast_lio/fast_lio/msg/detail/pose6_d__builder.hpp
[213.590s] -- Up-to-date: /home/cat/TurboSLAM/install/fast_lio/include/fast_lio/fast_lio
[213.590s] -- Up-to-date: /home/cat/TurboSLAM/install/fast_lio/include/fast_lio/fast_lio/msg
[213.590s] -- Installing: /home/cat/TurboSLAM/install/fast_lio/include/fast_lio/fast_lio/msg/rosidl_typesupport_fastrtps_cpp__visibility_control.h
[213.591s] -- Up-to-date: /home/cat/TurboSLAM/install/fast_lio/include/fast_lio/fast_lio/msg/detail
[213.591s] -- Installing: /home/cat/TurboSLAM/install/fast_lio/include/fast_lio/fast_lio/msg/detail/pose6_d__rosidl_typesupport_fastrtps_cpp.hpp
[213.591s] -- Installing: /home/cat/TurboSLAM/install/fast_lio/include/fast_lio/fast_lio/msg/detail/dds_fastrtps
[213.592s] -- Installing: /home/cat/TurboSLAM/install/fast_lio/lib/libfast_lio__rosidl_typesupport_fastrtps_cpp.so
[213.592s] -- Set runtime path of "/home/cat/TurboSLAM/install/fast_lio/lib/libfast_lio__rosidl_typesupport_fastrtps_cpp.so" to ""
[213.592s] -- Up-to-date: /home/cat/TurboSLAM/install/fast_lio/include/fast_lio/fast_lio
[213.593s] -- Up-to-date: /home/cat/TurboSLAM/install/fast_lio/include/fast_lio/fast_lio/msg
[213.593s] -- Installing: /home/cat/TurboSLAM/install/fast_lio/include/fast_lio/fast_lio/msg/rosidl_typesupport_introspection_c__visibility_control.h
[213.593s] -- Up-to-date: /home/cat/TurboSLAM/install/fast_lio/include/fast_lio/fast_lio/msg/detail
[213.594s] -- Installing: /home/cat/TurboSLAM/install/fast_lio/include/fast_lio/fast_lio/msg/detail/pose6_d__type_support.c
[213.594s] -- Installing: /home/cat/TurboSLAM/install/fast_lio/include/fast_lio/fast_lio/msg/detail/pose6_d__rosidl_typesupport_introspection_c.h
[213.595s] -- Installing: /home/cat/TurboSLAM/install/fast_lio/lib/libfast_lio__rosidl_typesupport_introspection_c.so
[213.595s] -- Set runtime path of "/home/cat/TurboSLAM/install/fast_lio/lib/libfast_lio__rosidl_typesupport_introspection_c.so" to ""
[213.595s] -- Installing: /home/cat/TurboSLAM/install/fast_lio/lib/libfast_lio__rosidl_typesupport_c.so
[213.596s] -- Set runtime path of "/home/cat/TurboSLAM/install/fast_lio/lib/libfast_lio__rosidl_typesupport_c.so" to ""
[213.596s] -- Up-to-date: /home/cat/TurboSLAM/install/fast_lio/include/fast_lio/fast_lio
[213.596s] -- Up-to-date: /home/cat/TurboSLAM/install/fast_lio/include/fast_lio/fast_lio/msg
[213.597s] -- Up-to-date: /home/cat/TurboSLAM/install/fast_lio/include/fast_lio/fast_lio/msg/detail
[213.597s] -- Installing: /home/cat/TurboSLAM/install/fast_lio/include/fast_lio/fast_lio/msg/detail/pose6_d__type_support.cpp
[213.597s] -- Installing: /home/cat/TurboSLAM/install/fast_lio/include/fast_lio/fast_lio/msg/detail/pose6_d__rosidl_typesupport_introspection_cpp.hpp
[213.598s] -- Installing: /home/cat/TurboSLAM/install/fast_lio/lib/libfast_lio__rosidl_typesupport_introspection_cpp.so
[213.598s] -- Set runtime path of "/home/cat/TurboSLAM/install/fast_lio/lib/libfast_lio__rosidl_typesupport_introspection_cpp.so" to ""
[213.598s] -- Installing: /home/cat/TurboSLAM/install/fast_lio/lib/libfast_lio__rosidl_typesupport_cpp.so
[213.599s] -- Set runtime path of "/home/cat/TurboSLAM/install/fast_lio/lib/libfast_lio__rosidl_typesupport_cpp.so" to ""
[213.599s] -- Installing: /home/cat/TurboSLAM/install/fast_lio/share/fast_lio/environment/pythonpath.sh
[213.599s] -- Installing: /home/cat/TurboSLAM/install/fast_lio/share/fast_lio/environment/pythonpath.dsv
[213.600s] -- Installing: /home/cat/TurboSLAM/install/fast_lio/local/lib/python3.10/dist-packages/fast_lio-0.0.0-py3.10.egg-info
[213.600s] -- Installing: /home/cat/TurboSLAM/install/fast_lio/local/lib/python3.10/dist-packages/fast_lio-0.0.0-py3.10.egg-info/top_level.txt
[213.600s] -- Installing: /home/cat/TurboSLAM/install/fast_lio/local/lib/python3.10/dist-packages/fast_lio-0.0.0-py3.10.egg-info/SOURCES.txt
[213.601s] -- Installing: /home/cat/TurboSLAM/install/fast_lio/local/lib/python3.10/dist-packages/fast_lio-0.0.0-py3.10.egg-info/PKG-INFO
[213.601s] -- Installing: /home/cat/TurboSLAM/install/fast_lio/local/lib/python3.10/dist-packages/fast_lio-0.0.0-py3.10.egg-info/dependency_links.txt
[213.601s] -- Installing: /home/cat/TurboSLAM/install/fast_lio/local/lib/python3.10/dist-packages/fast_lio
[213.602s] -- Installing: /home/cat/TurboSLAM/install/fast_lio/local/lib/python3.10/dist-packages/fast_lio/_fast_lio_s.ep.rosidl_typesupport_fastrtps_c.c
[213.602s] -- Installing: /home/cat/TurboSLAM/install/fast_lio/local/lib/python3.10/dist-packages/fast_lio/_fast_lio_s.ep.rosidl_typesupport_introspection_c.c
[213.602s] -- Installing: /home/cat/TurboSLAM/install/fast_lio/local/lib/python3.10/dist-packages/fast_lio/libfast_lio__rosidl_generator_py.so
[213.603s] -- Installing: /home/cat/TurboSLAM/install/fast_lio/local/lib/python3.10/dist-packages/fast_lio/fast_lio_s__rosidl_typesupport_introspection_c.cpython-310-aarch64-linux-gnu.so
[213.603s] -- Installing: /home/cat/TurboSLAM/install/fast_lio/local/lib/python3.10/dist-packages/fast_lio/fast_lio_s__rosidl_typesupport_c.cpython-310-aarch64-linux-gnu.so
[213.604s] -- Installing: /home/cat/TurboSLAM/install/fast_lio/local/lib/python3.10/dist-packages/fast_lio/__init__.py
[213.604s] -- Installing: /home/cat/TurboSLAM/install/fast_lio/local/lib/python3.10/dist-packages/fast_lio/_fast_lio_s.ep.rosidl_typesupport_c.c
[213.604s] -- Installing: /home/cat/TurboSLAM/install/fast_lio/local/lib/python3.10/dist-packages/fast_lio/msg
[213.605s] -- Installing: /home/cat/TurboSLAM/install/fast_lio/local/lib/python3.10/dist-packages/fast_lio/msg/_pose6_d_s.c
[213.605s] -- Installing: /home/cat/TurboSLAM/install/fast_lio/local/lib/python3.10/dist-packages/fast_lio/msg/__init__.py
[213.605s] -- Installing: /home/cat/TurboSLAM/install/fast_lio/local/lib/python3.10/dist-packages/fast_lio/msg/_pose6_d.py
[213.606s] -- Installing: /home/cat/TurboSLAM/install/fast_lio/local/lib/python3.10/dist-packages/fast_lio/fast_lio_s__rosidl_typesupport_fastrtps_c.cpython-310-aarch64-linux-gnu.so
[213.633s] Listing '/home/cat/TurboSLAM/install/fast_lio/local/lib/python3.10/dist-packages/fast_lio'...
[213.634s] Compiling '/home/cat/TurboSLAM/install/fast_lio/local/lib/python3.10/dist-packages/fast_lio/__init__.py'...
[213.634s] Listing '/home/cat/TurboSLAM/install/fast_lio/local/lib/python3.10/dist-packages/fast_lio/msg'...
[213.635s] Compiling '/home/cat/TurboSLAM/install/fast_lio/local/lib/python3.10/dist-packages/fast_lio/msg/__init__.py'...
[213.635s] Compiling '/home/cat/TurboSLAM/install/fast_lio/local/lib/python3.10/dist-packages/fast_lio/msg/_pose6_d.py'...
[213.644s] -- Installing: /home/cat/TurboSLAM/install/fast_lio/local/lib/python3.10/dist-packages/fast_lio/fast_lio_s__rosidl_typesupport_fastrtps_c.cpython-310-aarch64-linux-gnu.so
[213.645s] -- Set runtime path of "/home/cat/TurboSLAM/install/fast_lio/local/lib/python3.10/dist-packages/fast_lio/fast_lio_s__rosidl_typesupport_fastrtps_c.cpython-310-aarch64-linux-gnu.so" to ""
[213.645s] -- Installing: /home/cat/TurboSLAM/install/fast_lio/local/lib/python3.10/dist-packages/fast_lio/fast_lio_s__rosidl_typesupport_introspection_c.cpython-310-aarch64-linux-gnu.so
[213.646s] -- Set runtime path of "/home/cat/TurboSLAM/install/fast_lio/local/lib/python3.10/dist-packages/fast_lio/fast_lio_s__rosidl_typesupport_introspection_c.cpython-310-aarch64-linux-gnu.so" to ""
[213.646s] -- Installing: /home/cat/TurboSLAM/install/fast_lio/local/lib/python3.10/dist-packages/fast_lio/fast_lio_s__rosidl_typesupport_c.cpython-310-aarch64-linux-gnu.so
[213.647s] -- Set runtime path of "/home/cat/TurboSLAM/install/fast_lio/local/lib/python3.10/dist-packages/fast_lio/fast_lio_s__rosidl_typesupport_c.cpython-310-aarch64-linux-gnu.so" to ""
[213.647s] -- Installing: /home/cat/TurboSLAM/install/fast_lio/lib/libfast_lio__rosidl_generator_py.so
[213.648s] -- Set runtime path of "/home/cat/TurboSLAM/install/fast_lio/lib/libfast_lio__rosidl_generator_py.so" to ""
[213.648s] -- Installing: /home/cat/TurboSLAM/install/fast_lio/share/ament_index/resource_index/rust_packages/fast_lio
[213.649s] -- Installing: /home/cat/TurboSLAM/install/fast_lio/share/fast_lio/rust
[213.649s] -- Installing: /home/cat/TurboSLAM/install/fast_lio/share/fast_lio/rust/src
[213.649s] -- Installing: /home/cat/TurboSLAM/install/fast_lio/share/fast_lio/rust/src/lib.rs
[213.650s] -- Installing: /home/cat/TurboSLAM/install/fast_lio/share/fast_lio/rust/src/msg.rs
[213.650s] -- Installing: /home/cat/TurboSLAM/install/fast_lio/share/fast_lio/rust/src/msg
[213.650s] -- Installing: /home/cat/TurboSLAM/install/fast_lio/share/fast_lio/rust/src/msg/rmw.rs
[213.651s] -- Installing: /home/cat/TurboSLAM/install/fast_lio/share/fast_lio/rust/Cargo.toml
[213.651s] -- Installing: /home/cat/TurboSLAM/install/fast_lio/share/fast_lio/rust/build.rs
[213.651s] -- Installing: /home/cat/TurboSLAM/install/fast_lio/share/fast_lio/msg/Pose6D.idl
[213.652s] -- Installing: /home/cat/TurboSLAM/install/fast_lio/share/fast_lio/msg/Pose6D.msg
[213.652s] -- Installing: /home/cat/TurboSLAM/install/fast_lio/lib/fast_lio/fastlio_mapping
[213.653s] -- Set runtime path of "/home/cat/TurboSLAM/install/fast_lio/lib/fast_lio/fastlio_mapping" to ""
[213.653s] -- Installing: /home/cat/TurboSLAM/install/fast_lio/share/fast_lio/config
[213.654s] -- Installing: /home/cat/TurboSLAM/install/fast_lio/share/fast_lio/config/avia.yaml
[213.654s] -- Installing: /home/cat/TurboSLAM/install/fast_lio/share/fast_lio/config/velodyne.yaml
[213.655s] -- Installing: /home/cat/TurboSLAM/install/fast_lio/share/fast_lio/config/mid360.yaml
[213.655s] -- Installing: /home/cat/TurboSLAM/install/fast_lio/share/fast_lio/config/horizon.yaml
[213.656s] -- Installing: /home/cat/TurboSLAM/install/fast_lio/share/fast_lio/config/ouster64.yaml
[213.656s] -- Installing: /home/cat/TurboSLAM/install/fast_lio/share/fast_lio/config/mid360s.yaml
[213.657s] -- Installing: /home/cat/TurboSLAM/install/fast_lio/share/fast_lio/launch
[213.657s] -- Installing: /home/cat/TurboSLAM/install/fast_lio/share/fast_lio/launch/gdb_debug_example.launch
[213.658s] -- Installing: /home/cat/TurboSLAM/install/fast_lio/share/fast_lio/launch/mapping.launch.py
[213.658s] -- Installing: /home/cat/TurboSLAM/install/fast_lio/share/fast_lio/rviz
[213.659s] -- Installing: /home/cat/TurboSLAM/install/fast_lio/share/fast_lio/rviz/fastlio.rviz
[213.659s] -- Installing: /home/cat/TurboSLAM/install/fast_lio/share/ament_index/resource_index/package_run_dependencies/fast_lio
[213.660s] -- Installing: /home/cat/TurboSLAM/install/fast_lio/share/ament_index/resource_index/parent_prefix_path/fast_lio
[213.660s] -- Installing: /home/cat/TurboSLAM/install/fast_lio/share/fast_lio/environment/ament_prefix_path.sh
[213.661s] -- Installing: /home/cat/TurboSLAM/install/fast_lio/share/fast_lio/environment/ament_prefix_path.dsv
[213.661s] -- Installing: /home/cat/TurboSLAM/install/fast_lio/share/fast_lio/environment/path.sh
[213.661s] -- Installing: /home/cat/TurboSLAM/install/fast_lio/share/fast_lio/environment/path.dsv
[213.662s] -- Installing: /home/cat/TurboSLAM/install/fast_lio/share/fast_lio/local_setup.bash
[213.662s] -- Installing: /home/cat/TurboSLAM/install/fast_lio/share/fast_lio/local_setup.sh
[213.662s] -- Installing: /home/cat/TurboSLAM/install/fast_lio/share/fast_lio/local_setup.zsh
[213.663s] -- Installing: /home/cat/TurboSLAM/install/fast_lio/share/fast_lio/local_setup.dsv
[213.665s] -- Installing: /home/cat/TurboSLAM/install/fast_lio/share/fast_lio/package.dsv
[213.668s] -- Installing: /home/cat/TurboSLAM/install/fast_lio/share/ament_index/resource_index/packages/fast_lio
[213.669s] -- Installing: /home/cat/TurboSLAM/install/fast_lio/share/fast_lio/cmake/export_fast_lio__rosidl_generator_cExport.cmake
[213.669s] -- Installing: /home/cat/TurboSLAM/install/fast_lio/share/fast_lio/cmake/export_fast_lio__rosidl_generator_cExport-release.cmake
[213.670s] -- Installing: /home/cat/TurboSLAM/install/fast_lio/share/fast_lio/cmake/export_fast_lio__rosidl_typesupport_fastrtps_cExport.cmake
[213.671s] -- Installing: /home/cat/TurboSLAM/install/fast_lio/share/fast_lio/cmake/export_fast_lio__rosidl_typesupport_fastrtps_cExport-release.cmake
[213.671s] -- Installing: /home/cat/TurboSLAM/install/fast_lio/share/fast_lio/cmake/export_fast_lio__rosidl_generator_cppExport.cmake
[213.672s] -- Installing: /home/cat/TurboSLAM/install/fast_lio/share/fast_lio/cmake/export_fast_lio__rosidl_typesupport_fastrtps_cppExport.cmake
[213.673s] -- Installing: /home/cat/TurboSLAM/install/fast_lio/share/fast_lio/cmake/export_fast_lio__rosidl_typesupport_fastrtps_cppExport-release.cmake
[213.673s] -- Installing: /home/cat/TurboSLAM/install/fast_lio/share/fast_lio/cmake/fast_lio__rosidl_typesupport_introspection_cExport.cmake
[213.674s] -- Installing: /home/cat/TurboSLAM/install/fast_lio/share/fast_lio/cmake/fast_lio__rosidl_typesupport_introspection_cExport-release.cmake
[213.675s] -- Installing: /home/cat/TurboSLAM/install/fast_lio/share/fast_lio/cmake/fast_lio__rosidl_typesupport_cExport.cmake
[213.676s] -- Installing: /home/cat/TurboSLAM/install/fast_lio/share/fast_lio/cmake/fast_lio__rosidl_typesupport_cExport-release.cmake
[213.676s] -- Installing: /home/cat/TurboSLAM/install/fast_lio/share/fast_lio/cmake/fast_lio__rosidl_typesupport_introspection_cppExport.cmake
[213.677s] -- Installing: /home/cat/TurboSLAM/install/fast_lio/share/fast_lio/cmake/fast_lio__rosidl_typesupport_introspection_cppExport-release.cmake
[213.677s] -- Installing: /home/cat/TurboSLAM/install/fast_lio/share/fast_lio/cmake/fast_lio__rosidl_typesupport_cppExport.cmake
[213.678s] -- Installing: /home/cat/TurboSLAM/install/fast_lio/share/fast_lio/cmake/fast_lio__rosidl_typesupport_cppExport-release.cmake
[213.678s] -- Installing: /home/cat/TurboSLAM/install/fast_lio/share/fast_lio/cmake/export_fast_lio__rosidl_generator_pyExport.cmake
[213.679s] -- Installing: /home/cat/TurboSLAM/install/fast_lio/share/fast_lio/cmake/export_fast_lio__rosidl_generator_pyExport-release.cmake
[213.679s] -- Installing: /home/cat/TurboSLAM/install/fast_lio/share/fast_lio/cmake/rosidl_cmake-extras.cmake
[213.680s] -- Installing: /home/cat/TurboSLAM/install/fast_lio/share/fast_lio/cmake/ament_cmake_export_include_directories-extras.cmake
[213.680s] -- Installing: /home/cat/TurboSLAM/install/fast_lio/share/fast_lio/cmake/ament_cmake_export_libraries-extras.cmake
[213.681s] -- Installing: /home/cat/TurboSLAM/install/fast_lio/share/fast_lio/cmake/ament_cmake_export_targets-extras.cmake
[213.681s] -- Installing: /home/cat/TurboSLAM/install/fast_lio/share/fast_lio/cmake/rosidl_cmake_export_typesupport_targets-extras.cmake
[213.682s] -- Installing: /home/cat/TurboSLAM/install/fast_lio/share/fast_lio/cmake/ament_cmake_export_dependencies-extras.cmake
[213.682s] -- Installing: /home/cat/TurboSLAM/install/fast_lio/share/fast_lio/cmake/rosidl_cmake_export_typesupport_libraries-extras.cmake
[213.683s] -- Installing: /home/cat/TurboSLAM/install/fast_lio/share/fast_lio/cmake/rosidl_cmake_aggregate_target-extras.cmake
[213.683s] -- Installing: /home/cat/TurboSLAM/install/fast_lio/share/fast_lio/cmake/fast_lioConfig.cmake
[213.684s] -- Installing: /home/cat/TurboSLAM/install/fast_lio/share/fast_lio/cmake/fast_lioConfig-version.cmake
[213.684s] -- Installing: /home/cat/TurboSLAM/install/fast_lio/share/fast_lio/package.xml
[213.685s] Invoked command in '/home/cat/TurboSLAM/build/fast_lio' returned '0': AMENT_PREFIX_PATH=/home/cat/TurboSLAM/install/livox_ros_driver2:${AMENT_PREFIX_PATH} CMAKE_PREFIX_PATH=/home/cat/TurboSLAM/install/livox_ros_driver2:/opt/ros/humble LD_LIBRARY_PATH=/home/cat/TurboSLAM/install/livox_ros_driver2/lib:${LD_LIBRARY_PATH} PYTHONPATH=/home/cat/TurboSLAM/install/livox_ros_driver2/local/lib/python3.10/dist-packages:${PYTHONPATH} /usr/bin/cmake --install /home/cat/TurboSLAM/build/fast_lio
